Component: ARM Compiler 5.06 update 6 (build 750) Tool: armlink [4d35ed]

==============================================================================

Section Cross References

    startup_stm32h743xx.o(RESET) refers to startup_stm32h743xx.o(STACK) for __initial_sp
    startup_stm32h743xx.o(RESET) refers to startup_stm32h743xx.o(.text) for Reset_Handler
    startup_stm32h743xx.o(RESET) refers to stm32h7xx_it.o(i.NMI_Handler) for NMI_Handler
    startup_stm32h743xx.o(RESET) refers to stm32h7xx_it.o(i.HardFault_Handler) for HardFault_Handler
    startup_stm32h743xx.o(RESET) refers to stm32h7xx_it.o(i.MemManage_Handler) for MemManage_Handler
    startup_stm32h743xx.o(RESET) refers to stm32h7xx_it.o(i.BusFault_Handler) for BusFault_Handler
    startup_stm32h743xx.o(RESET) refers to stm32h7xx_it.o(i.UsageFault_Handler) for UsageFault_Handler
    startup_stm32h743xx.o(RESET) refers to port.o(.emb_text) for SVC_Handler
    startup_stm32h743xx.o(RESET) refers to stm32h7xx_it.o(i.DebugMon_Handler) for DebugMon_Handler
    startup_stm32h743xx.o(RESET) refers to port.o(i.SysTick_Handler) for SysTick_Handler
    startup_stm32h743xx.o(RESET) refers to stm32h7xx_it.o(i.DMA1_Stream0_IRQHandler) for DMA1_Stream0_IRQHandler
    startup_stm32h743xx.o(RESET) refers to stm32h7xx_it.o(i.USART3_IRQHandler) for USART3_IRQHandler
    startup_stm32h743xx.o(RESET) refers to stm32h7xx_it.o(i.TIM17_IRQHandler) for TIM17_IRQHandler
    startup_stm32h743xx.o(.text) refers to system_stm32h7xx.o(i.SystemInit) for SystemInit
    startup_stm32h743xx.o(.text) refers to entry.o(.ARM.Collect$$$$00000000) for __main
    uart_debug.o(i.dLog_DisplayBuff_Init) refers to uart_debug.o(.bss) for .bss
    uart_debug.o(i.dLog_DisplayBuff_Init) refers to uart_debug.o(.data) for .data
    uart_debug.o(i.dLog_Refresh) refers to cmsis_os.o(i.osDelay) for osDelay
    uart_debug.o(i.dLog_Refresh) refers to printfa.o(i.__0snprintf) for __2snprintf
    uart_debug.o(i.dLog_Refresh) refers to strlen.o(.text) for strlen
    uart_debug.o(i.dLog_Refresh) refers to stm32h7xx_hal_uart.o(i.HAL_UART_Transmit_DMA) for HAL_UART_Transmit_DMA
    uart_debug.o(i.dLog_Refresh) refers to stm32h7xx_hal_uart.o(i.HAL_UART_Transmit) for HAL_UART_Transmit
    uart_debug.o(i.dLog_Refresh) refers to uart_debug.o(.bss) for .bss
    uart_debug.o(i.dLog_RemoveLogList) refers to uart_debug.o(.bss) for .bss
    parameter_manager.o(i.pmFlashLoad) refers to memseta.o(.text) for __aeabi_memclr4
    parameter_manager.o(i.pmFlashLoad) refers to parameter_manager.o(.bss) for .bss
    parameter_manager.o(i.pmFlashLoad) refers to parameter_manager.o(.data) for .data
    parameter_manager.o(i.pmFlashSave) refers to memseta.o(.text) for __aeabi_memclr4
    parameter_manager.o(i.pmFlashSave) refers to stm32h7xx_hal_flash.o(i.HAL_FLASH_Unlock) for HAL_FLASH_Unlock
    parameter_manager.o(i.pmFlashSave) refers to stm32h7xx_hal_flash_ex.o(i.HAL_FLASHEx_Erase) for HAL_FLASHEx_Erase
    parameter_manager.o(i.pmFlashSave) refers to stm32h7xx_hal_flash.o(i.HAL_FLASH_Lock) for HAL_FLASH_Lock
    parameter_manager.o(i.pmFlashSave) refers to stm32h7xx_hal_flash.o(i.HAL_FLASH_Program) for HAL_FLASH_Program
    parameter_manager.o(i.pmFlashSave) refers to parameter_manager.o(.bss) for .bss
    parameter_manager.o(i.pmFlashSave) refers to parameter_manager.o(.data) for .data
    parameter_manager.o(i.pmNewParaGroupCreateF) refers to strcpy.o(.text) for strcpy
    parameter_manager.o(i.pmNewParaGroupCreateF) refers to parameter_manager.o(.bss) for .bss
    parameter_manager.o(i.pmNewParaRegCreateF) refers to strcpy.o(.text) for strcpy
    parameter_manager.o(i.pmNewParaRegCreateF) refers to strcmp.o(.text) for strcmp
    parameter_manager.o(i.pmNewParaRegCreateF) refers to cmsis_os.o(i.osDelay) for osDelay
    parameter_manager.o(i.pmNewParaRegCreateF) refers to printfa.o(i.__0snprintf) for __2snprintf
    parameter_manager.o(i.pmNewParaRegCreateF) refers to strlen.o(.text) for strlen
    parameter_manager.o(i.pmNewParaRegCreateF) refers to stm32h7xx_hal_uart.o(i.HAL_UART_Transmit_DMA) for HAL_UART_Transmit_DMA
    parameter_manager.o(i.pmNewParaRegCreateF) refers to usart.o(.bss) for huart3
    parameter_manager.o(i.pmNewParaRegCreateF) refers to parameter_manager.o(.ARM.__AT_0x30040000) for .ARM.__AT_0x30040000
    parameter_manager.o(i.pmParaInput) refers to stm32h7xx_hal_uart.o(i.HAL_UART_Receive_IT) for HAL_UART_Receive_IT
    parameter_manager.o(i.pmParaInput) refers to tasks.o(i.ulTaskNotifyTake) for ulTaskNotifyTake
    parameter_manager.o(i.pmParaInput) refers to parameter_manager.o(.data) for .data
    parameter_manager.o(i.pmParaInput) refers to usart.o(.bss) for huart3
    parameter_manager.o(i.pmShowCase) refers to cmsis_os.o(i.osDelay) for osDelay
    parameter_manager.o(i.pmShowCase) refers to printfa.o(i.__0snprintf) for __2snprintf
    parameter_manager.o(i.pmShowCase) refers to strlen.o(.text) for strlen
[...]
    makeFreeRtosPriority                     0x08007553   Thumb Code    14  cmsis_os.o(i.makeFreeRtosPriority)
    i.osDelay                                0x08007560   Section        0  cmsis_os.o(i.osDelay)
    i.osKernelStart                          0x0800756e   Section        0  cmsis_os.o(i.osKernelStart)
    i.osThreadCreate                         0x08007578   Section        0  cmsis_os.o(i.osThreadCreate)
    i.pmFlashLoad                            0x080075a8   Section        0  parameter_manager.o(i.pmFlashLoad)
    i.pmFlashSave                            0x08007748   Section        0  parameter_manager.o(i.pmFlashSave)
    i.pmParaInput                            0x080078e8   Section        0  parameter_manager.o(i.pmParaInput)
    i.pmShowCase                             0x080079a0   Section        0  parameter_manager.o(i.pmShowCase)
    i.pmShowUserInterface                    0x08007c64   Section        0  parameter_manager.o(i.pmShowUserInterface)
    i.pmTaskF                                0x080085c8   Section        0  freertos.o(i.pmTaskF)
    i.prvAddCurrentTaskToDelayedList         0x08008714   Section        0  tasks.o(i.prvAddCurrentTaskToDelayedList)
    prvAddCurrentTaskToDelayedList           0x08008715   Thumb Code   102  tasks.o(i.prvAddCurrentTaskToDelayedList)
    i.prvAddNewTaskToReadyList               0x08008784   Section        0  tasks.o(i.prvAddNewTaskToReadyList)
    prvAddNewTaskToReadyList                 0x08008785   Thumb Code   196  tasks.o(i.prvAddNewTaskToReadyList)
    i.prvDeleteTCB                           0x08008854   Section        0  tasks.o(i.prvDeleteTCB)
    prvDeleteTCB                             0x08008855   Thumb Code    20  tasks.o(i.prvDeleteTCB)
    i.prvHeapInit                            0x08008868   Section        0  heap_4.o(i.prvHeapInit)
    prvHeapInit                              0x08008869   Thumb Code    70  heap_4.o(i.prvHeapInit)
    i.prvIdleTask                            0x080088b8   Section        0  tasks.o(i.prvIdleTask)
    prvIdleTask                              0x080088b9   Thumb Code    82  tasks.o(i.prvIdleTask)
    i.prvInitialiseNewTask                   0x08008918   Section        0  tasks.o(i.prvInitialiseNewTask)
    prvInitialiseNewTask                     0x08008919   Thumb Code   158  tasks.o(i.prvInitialiseNewTask)
    i.prvInsertBlockIntoFreeList             0x080089b8   Section        0  heap_4.o(i.prvInsertBlockIntoFreeList)
    prvInsertBlockIntoFreeList               0x080089b9   Thumb Code    72  heap_4.o(i.prvInsertBlockIntoFreeList)
    i.prvResetNextTaskUnblockTime            0x08008a04   Section        0  tasks.o(i.prvResetNextTaskUnblockTime)
    prvResetNextTaskUnblockTime              0x08008a05   Thumb Code    26  tasks.o(i.prvResetNextTaskUnblockTime)
    i.prvTaskExitError                       0x08008a24   Section        0  port.o(i.prvTaskExitError)
    prvTaskExitError                         0x08008a25   Thumb Code    36  port.o(i.prvTaskExitError)
    i.pvPortMalloc                           0x08008a4c   Section        0  heap_4.o(i.pvPortMalloc)
    i.pxPortInitialiseStack                  0x08008b24   Section        0  port.o(i.pxPortInitialiseStack)
    i.udTaskF                                0x08008b54   Section        0  freertos.o(i.udTaskF)
    i.ulTaskNotifyTake                       0x08008b60   Section        0  tasks.o(i.ulTaskNotifyTake)
    i.uxListRemove                           0x08008bc8   Section        0  list.o(i.uxListRemove)
    i.vListInitialise                        0x08008bee   Section        0  list.o(i.vListInitialise)
    i.vListInitialiseItem                    0x08008c04   Section        0  list.o(i.vListInitialiseItem)
    i.vListInsert                            0x08008c0a   Section        0  list.o(i.vListInsert)
    i.vListInsertEnd                         0x08008c3a   Section        0  list.o(i.vListInsertEnd)
    i.vPortEnterCritical                     0x08008c54   Section        0  port.o(i.vPortEnterCritical)
    i.vPortExitCritical                      0x08008c94   Section        0  port.o(i.vPortExitCritical)
    i.vPortFree                              0x08008cbc   Section        0  heap_4.o(i.vPortFree)
    i.vPortSetupTimerInterrupt               0x08008d18   Section        0  port.o(i.vPortSetupTimerInterrupt)
    i.vPortValidateInterruptPriority         0x08008d3c   Section        0  port.o(i.vPortValidateInterruptPriority)
    i.vTaskDelay                             0x08008d90   Section        0  tasks.o(i.vTaskDelay)
    i.vTaskNotifyGiveFromISR                 0x08008ddc   Section        0  tasks.o(i.vTaskNotifyGiveFromISR)
    i.vTaskStartScheduler                    0x08008e94   Section        0  tasks.o(i.vTaskStartScheduler)
    i.vTaskSuspendAll                        0x08008f00   Section        0  tasks.o(i.vTaskSuspendAll)
    i.vTaskSwitchContext                     0x08008f10   Section        0  tasks.o(i.vTaskSwitchContext)
    i.xPortStartScheduler                    0x08008f84   Section        0  port.o(i.xPortStartScheduler)
    i.xTaskCreate                            0x08009078   Section        0  tasks.o(i.xTaskCreate)
    i.xTaskIncrementTick                     0x080090d0   Section        0  tasks.o(i.xTaskIncrementTick)
    i.xTaskResumeAll                         0x08009198   Section        0  tasks.o(i.xTaskResumeAll)
    .constdata                               0x0800925c   Section       60  freertos.o(.constdata)
    .constdata                               0x08009298   Section        8  stm32h7xx_hal_dma.o(.constdata)
    flagBitshiftOffset                       0x08009298   Data           8  stm32h7xx_hal_dma.o(.constdata)
    .constdata                               0x080092a0   Section       16  system_stm32h7xx.o(.constdata)
    .constdata                               0x080092b0   Section       64  ctype_c.o(.constdata)
    .conststring                             0x080092f0   Section      521  parameter_manager.o(.conststring)
    .conststring                             0x080094fc   Section       28  freertos.o(.conststring)
    .data                                    0x20000000   Section        4  uart_debug.o(.data)
    .data                                    0x20000004   Section        9  parameter_manager.o(.data)
    .data                                    0x2000000d   Section        1  freertos.o(.data)
    .data                                    0x20000010   Section       28  freertos.o(.data)
    .data                                    0x2000002c   Section       12  stm32h7xx_hal.o(.data)
    uwTickFreq                               0x2000002c   Data           1  stm32h7xx_hal.o(.data)
    uwTickPrio                               0x20000030   Data           4  stm32h7xx_hal.o(.data)
    uwTick                                   0x20000034   Data           4  stm32h7xx_hal.o(.data)
    .data                                    0x20000038   Section        8  system_stm32h7xx.o(.data)
    .data                                    0x20000040   Section       68  tasks.o(.data)
    pxDelayedTaskList                        0x20000044   Data           4  tasks.o(.data)
    pxOverflowDelayedTaskList                0x20000048   Data           4  tasks.o(.data)
    uxDeletedTasksWaitingCleanUp             0x2000004c   Data           4  tasks.o(.data)
    uxCurrentNumberOfTasks                   0x20000050   Data           4  tasks.o(.data)
    xTickCount                               0x20000054   Data           4  tasks.o(.data)
    uxTopReadyPriority                       0x20000058   Data           4  tasks.o(.data)
    xSchedulerRunning                        0x2000005c   Data           4  tasks.o(.data)
    uxPendedTicks                            0x20000060   Data           4  tasks.o(.data)
    xYieldPending                            0x20000064   Data           4  tasks.o(.data)
    xNumOfOverflows                          0x20000068   Data           4  tasks.o(.data)
    uxTaskNumber                             0x2000006c   Data           4  tasks.o(.data)
    xNextTaskUnblockTime                     0x20000070   Data           4  tasks.o(.data)
    xIdleTaskHandle                          0x20000074   Data           4  tasks.o(.data)
    uxSchedulerSuspended                     0x20000078   Data           4  tasks.o(.data)
    ulTaskSwitchedInTime                     0x2000007c   Data           4  tasks.o(.data)
    ulTotalRunTime                           0x20000080   Data           4  tasks.o(.data)
    .data                                    0x20000084   Section       24  heap_4.o(.data)
    pxEnd                                    0x20000084   Data           4  heap_4.o(.data)
    xFreeBytesRemaining                      0x20000088   Data           4  heap_4.o(.data)
    xMinimumEverFreeBytesRemaining           0x2000008c   Data           4  heap_4.o(.data)
    xBlockAllocatedBit                       0x20000090   Data           4  heap_4.o(.data)
    xStart                                   0x20000094   Data           8  heap_4.o(.data)
    .data                                    0x2000009c   Section       12  port.o(.data)
    ucMaxSysCallPriority                     0x2000009c   Data           1  port.o(.data)
    uxCriticalNesting                        0x200000a0   Data           4  port.o(.data)
    ulMaxPRIGROUPValue                       0x200000a4   Data           4  port.o(.data)
    .bss                                     0x200000a8   Section     1088  uart_debug.o(.bss)
    .bss                                     0x200004e8   Section       64  parameter_manager.o(.bss)
    EraseInitStruct                          0x200004f4   Data          20  parameter_manager.o(.bss)
    .bss                                     0x20000528   Section      128  freertos.o(.bss)
    .bss                                     0x200005a8   Section       64  tim.o(.bss)
    .bss                                     0x200005e8   Section      260  usart.o(.bss)
    .bss                                     0x200006ec   Section     1032  usb_otg.o(.bss)
    .bss                                     0x20000af4   Section       64  stm32h7xx_hal_timebase_tim.o(.bss)
    .bss                                     0x20000b34   Section       28  stm32h7xx_hal_flash.o(.bss)
    .bss                                     0x20000b50   Section      240  tasks.o(.bss)
    pxReadyTasksLists                        0x20000b50   Data         140  tasks.o(.bss)
    xDelayedTaskList1                        0x20000bdc   Data          20  tasks.o(.bss)
    xDelayedTaskList2                        0x20000bf0   Data          20  tasks.o(.bss)
    xPendingReadyList                        0x20000c04   Data          20  tasks.o(.bss)
    xTasksWaitingTermination                 0x20000c18   Data          20  tasks.o(.bss)
    xSuspendedTaskList                       0x20000c2c   Data          20  tasks.o(.bss)
    .bss                                     0x20000c40   Section    15360  heap_4.o(.bss)
    ucHeap                                   0x20000c40   Data       15360  heap_4.o(.bss)
    STACK                                    0x20004840   Section     1024  startup_stm32h743xx.o(STACK)
    .ARM.__AT_0x30040000                     0x30040000   Section      128  parameter_manager.o(.ARM.__AT_0x30040000)

    Global Symbols

    Symbol Name                              Value     Ov Type        Size  Object(Section)

    BuildAttributes$$THM_ISAv4$E$P$D$K$B$S$7EM$VFPv5_D16$PE$PLD8$A:L22UL41UL21$X:L11$S22US41US21$IEEE1$IW$USESV6$~STKCKD$USESV7$~SHL$OTIME$ROPI$EBA8$MICROLIB$REQ8$PRES8$EABIv2 0x00000000   Number         0  anon$$obj.o ABSOLUTE
    __ARM_use_no_argv                        0x00000000   Number         0  main.o ABSOLUTE
    _printf_a                                0x00000000   Number         0  stubs.o ABSOLUTE
    _printf_c                                0x00000000   Number         0  stubs.o ABSOLUTE
    _printf_charcount                        0x00000000   Number         0  stubs.o ABSOLUTE
    _printf_d                                0x00000000   Number         0  stubs.o ABSOLUTE
    _printf_e                                0x00000000   Number         0  stubs.o ABSOLUTE
    _printf_f                                0x00000000   Number         0  stubs.o ABSOLUTE
    _printf_flags                            0x00000000   Number         0  stubs.o ABSOLUTE
    _printf_fp_dec                           0x00000000   Number         0  stubs.o ABSOLUTE
    _printf_fp_hex                           0x00000000   Number         0  stubs.o ABSOLUTE
    _printf_g                                0x00000000   Number         0  stubs.o ABSOLUTE
    _printf_i                                0x00000000   Number         0  stubs.o ABSOLUTE
    _printf_int_dec                          0x00000000   Number         0  stubs.o ABSOLUTE
    _printf_l                                0x00000000   Number         0  stubs.o ABSOLUTE
    _printf_lc                               0x00000000   Number         0  stubs.o ABSOLUTE
    _printf_ll                               0x00000000   Number         0  stubs.o ABSOLUTE
    _printf_lld                              0x00000000   Number         0  stubs.o ABSOLUTE
    _printf_lli                              0x00000000   Number         0  stubs.o ABSOLUTE
    _printf_llo                              0x00000000   Number         0  stubs.o ABSOLUTE
    _printf_llu                              0x00000000   Number         0  stubs.o ABSOLUTE
    _printf_llx                              0x00000000   Number         0  stubs.o ABSOLUTE
    _printf_longlong_dec                     0x00000000   Number         0  stubs.o ABSOLUTE
    _printf_longlong_hex                     0x00000000   Number         0  stubs.o ABSOLUTE
    _printf_longlong_oct                     0x00000000   Number         0  stubs.o ABSOLUTE
    _printf_ls                               0x00000000   Number         0  stubs.o ABSOLUTE
    _printf_mbtowc                           0x00000000   Number         0  stubs.o ABSOLUTE
    _printf_n                                0x00000000   Number         0  stubs.o ABSOLUTE
    _printf_o                                0x00000000   Number         0  stubs.o ABSOLUTE
    _printf_p                                0x00000000   Number         0  stubs.o ABSOLUTE
    _printf_percent                          0x00000000   Number         0  stubs.o ABSOLUTE
    _printf_pre_padding                      0x00000000   Number         0  stubs.o ABSOLUTE
    _printf_return_value                     0x00000000   Number         0  stubs.o ABSOLUTE
    _printf_s                                0x00000000   Number         0  stubs.o ABSOLUTE
    _printf_sizespec                         0x00000000   Number         0  stubs.o ABSOLUTE
    _printf_str                              0x00000000   Number         0  stubs.o ABSOLUTE
    _printf_truncate_signed                  0x00000000   Number         0  stubs.o ABSOLUTE
    _printf_truncate_unsigned                0x00000000   Number         0  stubs.o ABSOLUTE
    _printf_u                                0x00000000   Number         0  stubs.o ABSOLUTE
    _printf_wc                               0x00000000   Number         0  stubs.o ABSOLUTE
    _printf_wctomb                           0x00000000   Number         0  stubs.o ABSOLUTE
    _printf_widthprec                        0x00000000   Number         0  stubs.o ABSOLUTE
    _printf_x                                0x00000000   Number         0  stubs.o ABSOLUTE
    __cpp_initialize__aeabi_                  - Undefined Weak Reference
    __cxa_finalize                            - Undefined Weak Reference
    __decompress                              - Undefined Weak Reference
    _clock_init                               - Undefined Weak Reference
    _microlib_exit                            - Undefined Weak Reference
    _scanf_longlong                           - Undefined Weak Reference
    __Vectors_Size                           0x00000298   Number         0  startup_stm32h743xx.o ABSOLUTE
    __Vectors                                0x08000000   Data           4  startup_stm32h743xx.o(RESET)
    __Vectors_End                            0x08000298   Data           0  startup_stm32h743xx.o(RESET)
    __main                                   0x08000299   Thumb Code     0  entry.o(.ARM.Collect$$$$00000000)
    _main_stk                                0x08000299   Thumb Code     0  entry2.o(.ARM.Collect$$$$00000001)
    _main_scatterload                        0x0800029d   Thumb Code     0  entry5.o(.ARM.Collect$$$$00000004)
    __main_after_scatterload                 0x080002a1   Thumb Code     0  entry5.o(.ARM.Collect$$$$00000004)
    _main_clock                              0x080002a1   Thumb Code     0  entry7b.o(.ARM.Collect$$$$00000008)
    _main_cpp_init                           0x080002a1   Thumb Code     0  entry8b.o(.ARM.Collect$$$$0000000A)
    _main_init                               0x080002a1   Thumb Code     0  entry9a.o(.ARM.Collect$$$$0000000B)
    __rt_final_cpp                           0x080002a9   Thumb Code     0  entry10a.o(.ARM.Collect$$$$0000000D)
    __rt_final_exit                          0x080002a9   Thumb Code     0  entry11a.o(.ARM.Collect$$$$0000000F)
    SVC_Handler                              0x080002ad   Thumb Code    28  port.o(.emb_text)
    __asm___6_port_c_39a90d8d__prvStartFirstTask 0x080002cd   Thumb Code    36  port.o(.emb_text)
    __asm___6_port_c_39a90d8d__prvEnableVFP  0x080002f5   Thumb Code    16  port.o(.emb_text)
    PendSV_Handler                           0x08000309   Thumb Code    88  port.o(.emb_text)
    vPortGetIPSR                             0x08000365   Thumb Code     6  port.o(.emb_text)
    Reset_Handler                            0x0800036d   Thumb Code     8  startup_stm32h743xx.o(.text)
    ADC3_IRQHandler                          0x08000387   Thumb Code     0  startup_stm32h743xx.o(.text)
    ADC_IRQHandler                           0x08000387   Thumb Code     0  startup_stm32h743xx.o(.text)
    BDMA_Channel0_IRQHandler                 0x08000387   Thumb Code     0  startup_stm32h743xx.o(.text)
    BDMA_Channel1_IRQHandler                 0x08000387   Thumb Code     0  startup_stm32h743xx.o(.text)
    BDMA_Channel2_IRQHandler                 0x08000387   Thumb Code     0  startup_stm32h743xx.o(.text)
    BDMA_Channel3_IRQHandler                 0x08000387   Thumb Code     0  startup_stm32h743xx.o(.text)
    BDMA_Channel4_IRQHandler                 0x08000387   Thumb Code     0  startup_stm32h743xx.o(.text)
    BDMA_Channel5_IRQHandler                 0x08000387   Thumb Code     0  startup_stm32h743xx.o(.text)
    BDMA_Channel6_IRQHandler                 0x08000387   Thumb Code     0  startup_stm32h743xx.o(.text)
    BDMA_Channel7_IRQHandler                 0x08000387   Thumb Code     0  startup_stm32h743xx.o(.text)
    CEC_IRQHandler                           0x08000387   Thumb Code     0  startup_stm32h743xx.o(.text)
    COMP1_IRQHandler                         0x08000387   Thumb Code     0  startup_stm32h743xx.o(.text)
    CRS_IRQHandler                           0x08000387   Thumb Code     0  startup_stm32h743xx.o(.text)
    DCMI_IRQHandler                          0x08000387   Thumb Code     0  startup_stm32h743xx.o(.text)
    DFSDM1_FLT0_IRQHandler                   0x08000387   Thumb Code     0  startup_stm32h743xx.o(.text)
    DFSDM1_FLT1_IRQHandler                   0x08000387   Thumb Code     0  startup_stm32h743xx.o(.text)
    DFSDM1_FLT2_IRQHandler                   0x08000387   Thumb Code     0  startup_stm32h743xx.o(.text)
    DFSDM1_FLT3_IRQHandler                   0x08000387   Thumb Code     0  startup_stm32h743xx.o(.text)
    DMA1_Stream1_IRQHandler                  0x08000387   Thumb Code     0  startup_stm32h743xx.o(.text)
    DMA1_Stream2_IRQHandler                  0x08000387   Thumb Code     0  startup_stm32h743xx.o(.text)
    DMA1_Stream3_IRQHandler                  0x08000387   Thumb Code     0  startup_stm32h743xx.o(.text)
    DMA1_Stream4_IRQHandler                  0x08000387   Thumb Code     0  startup_stm32h743xx.o(.text)
    DMA1_Stream5_IRQHandler                  0x08000387   Thumb Code     0  startup_stm32h743xx.o(.text)
    DMA1_Stream6_IRQHandler                  0x08000387   Thumb Code     0  startup_stm32h743xx.o(.text)
    DMA1_Stream7_IRQHandler                  0x08000387   Thumb Code     0  startup_stm32h743xx.o(.text)
    DMA2D_IRQHandler                         0x08000387   Thumb Code     0  startup_stm32h743xx.o(.text)
    DMA2_Stream0_IRQHandler                  0x08000387   Thumb Code     0  startup_stm32h743xx.o(.text)
    DMA2_Stream1_IRQHandler                  0x08000387   Thumb Code     0  startup_stm32h743xx.o(.text)
    DMA2_Stream2_IRQHandler                  0x08000387   Thumb Code     0  startup_stm32h743xx.o(.text)
    DMA2_Stream3_IRQHandler                  0x08000387   Thumb Code     0  startup_stm32h743xx.o(.text)
    DMA2_Stream4_IRQHandler                  0x08000387   Thumb Code     0  startup_stm32h743xx.o(.text)
    DMA2_Stream5_IRQHandler                  0x08000387   Thumb Code     0  startup_stm32h743xx.o(.text)
    DMA2_Stream6_IRQHandler                  0x08000387   Thumb Code     0  startup_stm32h743xx.o(.text)
    DMA2_Stream7_IRQHandler                  0x08000387   Thumb Code     0  startup_stm32h743xx.o(.text)
    DMAMUX1_OVR_IRQHandler                   0x08000387   Thumb Code     0  startup_stm32h743xx.o(.text)
    DMAMUX2_OVR_IRQHandler                   0x08000387   Thumb Code     0  startup_stm32h743xx.o(.text)
    ECC_IRQHandler                           0x08000387   Thumb Code     0  startup_stm32h743xx.o(.text)
    ETH_IRQHandler                           0x08000387   Thumb Code     0  startup_stm32h743xx.o(.text)
    ETH_WKUP_IRQHandler                      0x08000387   Thumb Code     0  startup_stm32h743xx.o(.text)
    EXTI0_IRQHandler                         0x08000387   Thumb Code     0  startup_stm32h743xx.o(.text)
    EXTI15_10_IRQHandler                     0x08000387   Thumb Code     0  startup_stm32h743xx.o(.text)
    EXTI1_IRQHandler                         0x08000387   Thumb Code     0  startup_stm32h743xx.o(.text)
    EXTI2_IRQHandler                         0x08000387   Thumb Code     0  startup_stm32h743xx.o(.text)
    EXTI3_IRQHandler                         0x08000387   Thumb Code     0  startup_stm32h743xx.o(.text)
    EXTI4_IRQHandler                         0x08000387   Thumb Code     0  startup_stm32h743xx.o(.text)
    EXTI9_5_IRQHandler                       0x08000387   Thumb Code     0  startup_stm32h743xx.o(.text)
    FDCAN1_IT0_IRQHandler                    0x08000387   Thumb Code     0  startup_stm32h743xx.o(.text)
    FDCAN1_IT1_IRQHandler                    0x08000387   Thumb Code     0  startup_stm32h743xx.o(.text)
    FDCAN2_IT0_IRQHandler                    0x08000387   Thumb Code     0  startup_stm32h743xx.o(.text)
    FDCAN2_IT1_IRQHandler                    0x08000387   Thumb Code     0  startup_stm32h743xx.o(.text)
    FDCAN_CAL_IRQHandler                     0x08000387   Thumb Code     0  startup_stm32h743xx.o(.text)
    FLASH_IRQHandler                         0x08000387   Thumb Code     0  startup_stm32h743xx.o(.text)
    FMC_IRQHandler                           0x08000387   Thumb Code     0  startup_stm32h743xx.o(.text)
    FPU_IRQHandler                           0x08000387   Thumb Code     0  startup_stm32h743xx.o(.text)
    HRTIM1_FLT_IRQHandler                    0x08000387   Thumb Code     0  startup_stm32h743xx.o(.text)
    HRTIM1_Master_IRQHandler                 0x08000387   Thumb Code     0  startup_stm32h743xx.o(.text)
    HRTIM1_TIMA_IRQHandler                   0x08000387   Thumb Code     0  startup_stm32h743xx.o(.text)
    HRTIM1_TIMB_IRQHandler                   0x08000387   Thumb Code     0  startup_stm32h743xx.o(.text)
    HRTIM1_TIMC_IRQHandler                   0x08000387   Thumb Code     0  startup_stm32h743xx.o(.text)
    HRTIM1_TIMD_IRQHandler                   0x08000387   Thumb Code     0  startup_stm32h743xx.o(.text)
    HRTIM1_TIME_IRQHandler                   0x08000387   Thumb Code     0  startup_stm32h743xx.o(.text)
    HSEM1_IRQHandler                         0x08000387   Thumb Code     0  startup_stm32h743xx.o(.text)
    I2C1_ER_IRQHandler                       0x08000387   Thumb Code     0  startup_stm32h743xx.o(.text)
    I2C1_EV_IRQHandler                       0x08000387   Thumb Code     0  startup_stm32h743xx.o(.text)
    I2C2_ER_IRQHandler                       0x08000387   Thumb Code     0  startup_stm32h743xx.o(.text)
    I2C2_EV_IRQHandler                       0x08000387   Thumb Code     0  startup_stm32h743xx.o(.text)
    I2C3_ER_IRQHandler                       0x08000387   Thumb Code     0  startup_stm32h743xx.o(.text)
    I2C3_EV_IRQHandler                       0x08000387   Thumb Code     0  startup_stm32h743xx.o(.text)
    I2C4_ER_IRQHandler                       0x08000387   Thumb Code     0  startup_stm32h743xx.o(.text)
    I2C4_EV_IRQHandler                       0x08000387   Thumb Code     0  startup_stm32h743xx.o(.text)
    JPEG_IRQHandler                          0x08000387   Thumb Code     0  startup_stm32h743xx.o(.text)
    LPTIM1_IRQHandler                        0x08000387   Thumb Code     0  startup_stm32h743xx.o(.text)
    LPTIM2_IRQHandler                        0x08000387   Thumb Code     0  startup_stm32h743xx.o(.text)
    LPTIM3_IRQHandler                        0x08000387   Thumb Code     0  startup_stm32h743xx.o(.text)
    LPTIM4_IRQHandler                        0x08000387   Thumb Code     0  startup_stm32h743xx.o(.text)
    LPTIM5_IRQHandler                        0x08000387   Thumb Code     0  startup_stm32h743xx.o(.text)
    LPUART1_IRQHandler                       0x08000387   Thumb Code     0  startup_stm32h743xx.o(.text)
    LTDC_ER_IRQHandler                       0x08000387   Thumb Code     0  startup_stm32h743xx.o(.text)
    LTDC_IRQHandler                          0x08000387   Thumb Code     0  startup_stm32h743xx.o(.text)
    MDIOS_IRQHandler                         0x08000387   Thumb Code     0  startup_stm32h743xx.o(.text)
    MDIOS_WKUP_IRQHandler                    0x08000387   Thumb Code     0  startup_stm32h743xx.o(.text)
    MDMA_IRQHandler                          0x08000387   Thumb Code     0  startup_stm32h743xx.o(.text)
    OTG_FS_EP1_IN_IRQHandler                 0x08000387   Thumb Code     0  startup_stm32h743xx.o(.text)
    OTG_FS_EP1_OUT_IRQHandler                0x08000387   Thumb Code     0  startup_stm32h743xx.o(.text)
    OTG_FS_IRQHandler                        0x08000387   Thumb Code     0  startup_stm32h743xx.o(.text)
    OTG_FS_WKUP_IRQHandler                   0x08000387   Thumb Code     0  startup_stm32h743xx.o(.text)
    OTG_HS_EP1_IN_IRQHandler                 0x08000387   Thumb Code     0  startup_stm32h743xx.o(.text)
    OTG_HS_EP1_OUT_IRQHandler                0x08000387   Thumb Code     0  startup_stm32h743xx.o(.text)
    OTG_HS_IRQHandler                        0x08000387   Thumb Code     0  startup_stm32h743xx.o(.text)
    OTG_HS_WKUP_IRQHandler                   0x08000387   Thumb Code     0  startup_stm32h743xx.o(.text)
    PVD_AVD_IRQHandler                       0x08000387   Thumb Code     0  startup_stm32h743xx.o(.text)
    QUADSPI_IRQHandler                       0x08000387   Thumb Code     0  startup_stm32h743xx.o(.text)
    RCC_IRQHandler                           0x08000387   Thumb Code     0  startup_stm32h743xx.o(.text)
    RNG_IRQHandler                           0x08000387   Thumb Code     0  startup_stm32h743xx.o(.text)
    RTC_Alarm_IRQHandler                     0x08000387   Thumb Code     0  startup_stm32h743xx.o(.text)
    RTC_WKUP_IRQHandler                      0x08000387   Thumb Code     0  startup_stm32h743xx.o(.text)
    SAI1_IRQHandler                          0x08000387   Thumb Code     0  startup_stm32h743xx.o(.text)
    SAI2_IRQHandler                          0x08000387   Thumb Code     0  startup_stm32h743xx.o(.text)
    SAI3_IRQHandler                          0x08000387   Thumb Code     0  startup_stm32h743xx.o(.text)
    SAI4_IRQHandler                          0x08000387   Thumb Code     0  startup_stm32h743xx.o(.text)
    SDMMC1_IRQHandler                        0x08000387   Thumb Code     0  startup_stm32h743xx.o(.text)
    SDMMC2_IRQHandler                        0x08000387   Thumb Code     0  startup_stm32h743xx.o(.text)
    SPDIF_RX_IRQHandler                      0x08000387   Thumb Code     0  startup_stm32h743xx.o(.text)
    SPI1_IRQHandler                          0x08000387   Thumb Code     0  startup_stm32h743xx.o(.text)
    SPI2_IRQHandler                          0x08000387   Thumb Code     0  startup_stm32h743xx.o(.text)
    SPI3_IRQHandler                          0x08000387   Thumb Code     0  startup_stm32h743xx.o(.text)
    SPI4_IRQHandler                          0x08000387   Thumb Code     0  startup_stm32h743xx.o(.text)
    SPI5_IRQHandler                          0x08000387   Thumb Code     0  startup_stm32h743xx.o(.text)
    SPI6_IRQHandler                          0x08000387   Thumb Code     0  startup_stm32h743xx.o(.text)
    SWPMI1_IRQHandler                        0x08000387   Thumb Code     0  startup_stm32h743xx.o(.text)
    TAMP_STAMP_IRQHandler                    0x08000387   Thumb Code     0  startup_stm32h743xx.o(.text)
    TIM15_IRQHandler                         0x08000387   Thumb Code     0  startup_stm32h743xx.o(.text)
    TIM16_IRQHandler                         0x08000387   Thumb Code     0  startup_stm32h743xx.o(.text)
    TIM1_BRK_IRQHandler                      0x08000387   Thumb Code     0  startup_stm32h743xx.o(.text)
    TIM1_CC_IRQHandler                       0x08000387   Thumb Code     0  startup_stm32h743xx.o(.text)
    TIM1_TRG_COM_IRQHandler                  0x08000387   Thumb Code     0  startup_stm32h743xx.o(.text)
    TIM1_UP_IRQHandler                       0x08000387   Thumb Code     0  startup_stm32h743xx.o(.text)
    TIM2_IRQHandler                          0x08000387   Thumb Code     0  startup_stm32h743xx.o(.text)
    TIM3_IRQHandler                          0x08000387   Thumb Code     0  startup_stm32h743xx.o(.text)
    TIM4_IRQHandler                          0x08000387   Thumb Code     0  startup_stm32h743xx.o(.text)
    TIM5_IRQHandler                          0x08000387   Thumb Code     0  startup_stm32h743xx.o(.text)
    TIM6_DAC_IRQHandler                      0x08000387   Thumb Code     0  startup_stm32h743xx.o(.text)
    TIM7_IRQHandler                          0x08000387   Thumb Code     0  startup_stm32h743xx.o(.text)
    TIM8_BRK_TIM12_IRQHandler                0x08000387   Thumb Code     0  startup_stm32h743xx.o(.text)
    TIM8_CC_IRQHandler                       0x08000387   Thumb Code     0  startup_stm32h743xx.o(.text)
    TIM8_TRG_COM_TIM14_IRQHandler            0x08000387   Thumb Code     0  startup_stm32h743xx.o(.text)
    TIM8_UP_TIM13_IRQHandler                 0x08000387   Thumb Code     0  startup_stm32h743xx.o(.text)
    UART4_IRQHandler                         0x08000387   Thumb Code     0  startup_stm32h743xx.o(.text)
    UART5_IRQHandler                         0x08000387   Thumb Code     0  startup_stm32h743xx.o(.text)
    UART7_IRQHandler                         0x08000387   Thumb Code     0  startup_stm32h743xx.o(.text)
    UART8_IRQHandler                         0x08000387   Thumb Code     0  startup_stm32h743xx.o(.text)
    USART1_IRQHandler                        0x08000387   Thumb Code     0  startup_stm32h743xx.o(.text)
    USART2_IRQHandler                        0x08000387   Thumb Code     0  startup_stm32h743xx.o(.text)
    USART6_IRQHandler                        0x08000387   Thumb Code     0  startup_stm32h743xx.o(.text)
    WAKEUP_PIN_IRQHandler                    0x08000387   Thumb Code     0  startup_stm32h743xx.o(.text)
    WWDG_IRQHandler                          0x08000387   Thumb Code     0  startup_stm32h743xx.o(.text)
    __aeabi_uldivmod                         0x08000391   Thumb Code    98  uldiv.o(.text)
    __aeabi_memcpy                           0x080003f3   Thumb Code    36  memcpya.o(.text)
    __aeabi_memcpy4                          0x080003f3   Thumb Code     0  memcpya.o(.text)
    __aeabi_memcpy8                          0x080003f3   Thumb Code     0  memcpya.o(.text)
    __aeabi_memset                           0x08000417   Thumb Code    14  memseta.o(.text)
    __aeabi_memset4                          0x08000417   Thumb Code     0  memseta.o(.text)
    __aeabi_memset8                          0x08000417   Thumb Code     0  memseta.o(.text)
    __aeabi_memclr                           0x08000425   Thumb Code     4  memseta.o(.text)
    __aeabi_memclr4                          0x08000425   Thumb Code     0  memseta.o(.text)
    __aeabi_memclr8                          0x08000425   Thumb Code     0  memseta.o(.text)
    memset                                   0x08000429   Thumb Code    18  memseta.o(.text)
    strlen                                   0x0800043b   Thumb Code    14  strlen.o(.text)
    __0sscanf                                0x08000449   Thumb Code    48  __0sscanf.o(.text)
    _scanf_int                               0x08000481   Thumb Code   332  _scanf_int.o(.text)
    _scanf_string                            0x080005cd   Thumb Code   224  _scanf_str.o(.text)
    _scanf_real                              0x080007d5   Thumb Code     0  scanf_fp.o(.text)
    _scanf_really_real                       0x080007d5   Thumb Code   556  scanf_fp.o(.text)
    __aeabi_uidiv                            0x08000a0d   Thumb Code     0  uidiv.o(.text)
    __aeabi_uidivmod                         0x08000a0d   Thumb Code    44  uidiv.o(.text)
    __aeabi_llsl                             0x08000a39   Thumb Code    30  llshl.o(.text)
    _ll_shift_l                              0x08000a39   Thumb Code     0  llshl.o(.text)
    __aeabi_llsr                             0x08000a57   Thumb Code    32  llushr.o(.text)
    _ll_ushift_r                             0x08000a57   Thumb Code     0  llushr.o(.text)
    _chval                                   0x08000a77   Thumb Code    28  _chval.o(.text)
    __vfscanf_char                           0x08000aa1   Thumb Code    20  scanf_char.o(.text)
    _sgetc                                   0x08000abd   Thumb Code    30  _sgetc.o(.text)
    _sbackspace                              0x08000adb   Thumb Code    34  _sgetc.o(.text)
    __I$use$fp                               0x08000afd   Thumb Code     0  iusefp.o(.text)
    __aeabi_dadd                             0x08000afd   Thumb Code   322  dadd.o(.text)
    __aeabi_dsub                             0x08000c3f   Thumb Code     6  dadd.o(.text)
    __aeabi_drsub                            0x08000c45   Thumb Code     6  dadd.o(.text)
    __aeabi_dmul                             0x08000c4b   Thumb Code   228  dmul.o(.text)
    __aeabi_ddiv                             0x08000d2f   Thumb Code   222  ddiv.o(.text)
    __aeabi_ul2d                             0x08000e0d   Thumb Code    24  dfltul.o(.text)
    __aeabi_d2ulz                            0x08000e25   Thumb Code    48  dfixul.o(.text)
    __aeabi_cdrcmple                         0x08000e55   Thumb Code    48  cdrcmple.o(.text)
    __aeabi_d2f                              0x08000e85   Thumb Code    56  d2f.o(.text)
    __scatterload                            0x08000ebd   Thumb Code    28  init.o(.text)
    __scatterload_rt2                        0x08000ebd   Thumb Code     0  init.o(.text)
    __aeabi_lasr                             0x08000ee1   Thumb Code    36  llsshr.o(.text)
    _ll_sshift_r                             0x08000ee1   Thumb Code     0  llsshr.o(.text)
    isspace                                  0x08000f05   Thumb Code    10  isspace_c.o(.text)
    __vfscanf                                0x08000f11   Thumb Code   808  _scanf.o(.text)
    _float_round                             0x0800123d   Thumb Code    18  fepilogue.o(.text)
    _float_epilogue                          0x0800124f   Thumb Code    92  fepilogue.o(.text)
    _double_round                            0x080012ab   Thumb Code    30  depilogue.o(.text)
    _double_epilogue                         0x080012c9   Thumb Code   156  depilogue.o(.text)
    __ctype_lookup                           0x08001365   Thumb Code    34  ctype_c.o(.text)
    BusFault_Handler                         0x0800138d   Thumb Code     2  stm32h7xx_it.o(i.BusFault_Handler)
    DMA1_Stream0_IRQHandler                  0x08001391   Thumb Code     6  stm32h7xx_it.o(i.DMA1_Stream0_IRQHandler)
    DebugMon_Handler                         0x080016d9   Thumb Code     2  stm32h7xx_it.o(i.DebugMon_Handler)
    Error_Handler                            0x080016db   Thumb Code     2  main.o(i.Error_Handler)
    FLASH_Erase_Sector                       0x080016dd   Thumb Code    80  stm32h7xx_hal_flash_ex.o(i.FLASH_Erase_Sector)
    FLASH_WaitForLastOperation               0x080017b1   Thumb Code   182  stm32h7xx_hal_flash.o(i.FLASH_WaitForLastOperation)
    HAL_DMA_Abort_IT                         0x08001881   Thumb Code   422  stm32h7xx_hal_dma.o(i.HAL_DMA_Abort_IT)
    HAL_DMA_IRQHandler                       0x08001a4d   Thumb Code  1762  stm32h7xx_hal_dma.o(i.HAL_DMA_IRQHandler)
    HAL_DMA_Init                             0x0800213d   Thumb Code   680  stm32h7xx_hal_dma.o(i.HAL_DMA_Init)
    HAL_DMA_Start_IT                         0x08002411   Thumb Code   468  stm32h7xx_hal_dma.o(i.HAL_DMA_Start_IT)
    HAL_Delay                                0x08002609   Thumb Code    32  stm32h7xx_hal.o(i.HAL_Delay)
    HAL_FLASHEx_Erase                        0x0800262d   Thumb Code   268  stm32h7xx_hal_flash_ex.o(i.HAL_FLASHEx_Erase)
    HAL_FLASH_Lock                           0x08002741   Thumb Code    44  stm32h7xx_hal_flash.o(i.HAL_FLASH_Lock)
    HAL_FLASH_Program                        0x08002771   Thumb Code   172  stm32h7xx_hal_flash.o(i.HAL_FLASH_Program)
    HAL_FLASH_Unlock                         0x08002825   Thumb Code    54  stm32h7xx_hal_flash.o(i.HAL_FLASH_Unlock)
    HAL_GPIO_Init                            0x08002869   Thumb Code   458  stm32h7xx_hal_gpio.o(i.HAL_GPIO_Init)
    HAL_GPIO_WritePin                        0x08002a65   Thumb Code    10  stm32h7xx_hal_gpio.o(i.HAL_GPIO_WritePin)
    HAL_GetREVID                             0x08002a71   Thumb Code     8  stm32h7xx_hal.o(i.HAL_GetREVID)
    HAL_GetTick                              0x08002a7d   Thumb Code     6  stm32h7xx_hal.o(i.HAL_GetTick)
    HAL_IncTick                              0x08002a89   Thumb Code    12  stm32h7xx_hal.o(i.HAL_IncTick)
    HAL_Init                                 0x08002a99   Thumb Code    72  stm32h7xx_hal.o(i.HAL_Init)
    HAL_InitTick                             0x08002af1   Thumb Code   100  stm32h7xx_hal_timebase_tim.o(i.HAL_InitTick)
    HAL_MspInit                              0x08002b65   Thumb Code    32  stm32h7xx_hal_msp.o(i.HAL_MspInit)
    HAL_NVIC_EnableIRQ                       0x08002b89   Thumb Code    26  stm32h7xx_hal_cortex.o(i.HAL_NVIC_EnableIRQ)
    HAL_NVIC_SetPriority                     0x08002ba5   Thumb Code    60  stm32h7xx_hal_cortex.o(i.HAL_NVIC_SetPriority)
    HAL_NVIC_SetPriorityGrouping             0x08002be5   Thumb Code    28  stm32h7xx_hal_cortex.o(i.HAL_NVIC_SetPriorityGrouping)
    HAL_PCDEx_ActivateLPM                    0x08002c09   Thumb Code    34  stm32h7xx_hal_pcd_ex.o(i.HAL_PCDEx_ActivateLPM)
    HAL_PCD_Init                             0x08002c31   Thumb Code   242  stm32h7xx_hal_pcd.o(i.HAL_PCD_Init)
    HAL_PCD_MspInit                          0x08002d25   Thumb Code   110  usb_otg.o(i.HAL_PCD_MspInit)
    HAL_PWREx_ConfigSupply                   0x08002da1   Thumb Code    76  stm32h7xx_hal_pwr_ex.o(i.HAL_PWREx_ConfigSupply)
    HAL_PWREx_EnableUSBVoltageDetector       0x08002df1   Thumb Code    12  stm32h7xx_hal_pwr_ex.o(i.HAL_PWREx_EnableUSBVoltageDetector)
    HAL_RCCEx_GetD1SysClockFreq              0x08002e01   Thumb Code    30  stm32h7xx_hal_rcc_ex.o(i.HAL_RCCEx_GetD1SysClockFreq)
    HAL_RCCEx_GetD3PCLK1Freq                 0x08002e2d   Thumb Code    26  stm32h7xx_hal_rcc_ex.o(i.HAL_RCCEx_GetD3PCLK1Freq)
    HAL_RCCEx_GetPLL2ClockFreq               0x08002e51   Thumb Code   296  stm32h7xx_hal_rcc_ex.o(i.HAL_RCCEx_GetPLL2ClockFreq)
    HAL_RCCEx_GetPLL3ClockFreq               0x08002f95   Thumb Code   296  stm32h7xx_hal_rcc_ex.o(i.HAL_RCCEx_GetPLL3ClockFreq)
    HAL_RCCEx_PeriphCLKConfig                0x080030d9   Thumb Code  2230  stm32h7xx_hal_rcc_ex.o(i.HAL_RCCEx_PeriphCLKConfig)
    HAL_RCC_ClockConfig                      0x08003991   Thumb Code   558  stm32h7xx_hal_rcc.o(i.HAL_RCC_ClockConfig)
    HAL_RCC_GetClockConfig                   0x08003bd1   Thumb Code    84  stm32h7xx_hal_rcc.o(i.HAL_RCC_GetClockConfig)
    HAL_RCC_GetHCLKFreq                      0x08003c2d   Thumb Code    30  stm32h7xx_hal_rcc.o(i.HAL_RCC_GetHCLKFreq)
    HAL_RCC_GetPCLK1Freq                     0x08003c59   Thumb Code    26  stm32h7xx_hal_rcc.o(i.HAL_RCC_GetPCLK1Freq)
    HAL_RCC_GetPCLK2Freq                     0x08003c7d   Thumb Code    26  stm32h7xx_hal_rcc.o(i.HAL_RCC_GetPCLK2Freq)
    HAL_RCC_GetSysClockFreq                  0x08003ca1   Thumb Code   278  stm32h7xx_hal_rcc.o(i.HAL_RCC_GetSysClockFreq)
    HAL_RCC_OscConfig                        0x08003dd9   Thumb Code  1206  stm32h7xx_hal_rcc.o(i.HAL_RCC_OscConfig)
    HAL_TIMEx_Break2Callback                 0x0800428f   Thumb Code     2  stm32h7xx_hal_tim_ex.o(i.HAL_TIMEx_Break2Callback)
    HAL_TIMEx_BreakCallback                  0x08004291   Thumb Code     2  stm32h7xx_hal_tim_ex.o(i.HAL_TIMEx_BreakCallback)
    HAL_TIMEx_CommutCallback                 0x08004293   Thumb Code     2  stm32h7xx_hal_tim_ex.o(i.HAL_TIMEx_CommutCallback)
    HAL_TIMEx_ConfigBreakDeadTime            0x08004295   Thumb Code   150  stm32h7xx_hal_tim_ex.o(i.HAL_TIMEx_ConfigBreakDeadTime)
    HAL_TIM_Base_Init                        0x08004335   Thumb Code    54  stm32h7xx_hal_tim.o(i.HAL_TIM_Base_Init)
    HAL_TIM_Base_MspInit                     0x0800436d   Thumb Code    30  tim.o(i.HAL_TIM_Base_MspInit)
    HAL_TIM_Base_Start_IT                    0x08004395   Thumb Code    40  stm32h7xx_hal_tim.o(i.HAL_TIM_Base_Start_IT)
    HAL_TIM_IC_CaptureCallback               0x080043c1   Thumb Code     2  stm32h7xx_hal_tim.o(i.HAL_TIM_IC_CaptureCallback)
    HAL_TIM_IRQHandler                       0x080043c3   Thumb Code   386  stm32h7xx_hal_tim.o(i.HAL_TIM_IRQHandler)
    HAL_TIM_OC_ConfigChannel                 0x08004545   Thumb Code   114  stm32h7xx_hal_tim.o(i.HAL_TIM_OC_ConfigChannel)
    HAL_TIM_OC_DelayElapsedCallback          0x080045b7   Thumb Code     2  stm32h7xx_hal_tim.o(i.HAL_TIM_OC_DelayElapsedCallback)
    HAL_TIM_OC_Init                          0x080045b9   Thumb Code    54  stm32h7xx_hal_tim.o(i.HAL_TIM_OC_Init)
    HAL_TIM_OC_MspInit                       0x080045ef   Thumb Code     2  stm32h7xx_hal_tim.o(i.HAL_TIM_OC_MspInit)
    HAL_TIM_PWM_PulseFinishedCallback        0x080045f1   Thumb Code     2  stm32h7xx_hal_tim.o(i.HAL_TIM_PWM_PulseFinishedCallback)
    HAL_TIM_PeriodElapsedCallback            0x080045f5   Thumb Code    14  main.o(i.HAL_TIM_PeriodElapsedCallback)
    HAL_TIM_TriggerCallback                  0x08004609   Thumb Code     2  stm32h7xx_hal_tim.o(i.HAL_TIM_TriggerCallback)
    HAL_UARTEx_DisableFifoMode               0x0800460b   Thumb Code    64  stm32h7xx_hal_uart_ex.o(i.HAL_UARTEx_DisableFifoMode)
    HAL_UARTEx_RxFifoFullCallback            0x0800464b   Thumb Code     2  stm32h7xx_hal_uart_ex.o(i.HAL_UARTEx_RxFifoFullCallback)
    HAL_UARTEx_SetRxFifoThreshold            0x0800464d   Thumb Code    76  stm32h7xx_hal_uart_ex.o(i.HAL_UARTEx_SetRxFifoThreshold)
    HAL_UARTEx_SetTxFifoThreshold            0x08004699   Thumb Code    76  stm32h7xx_hal_uart_ex.o(i.HAL_UARTEx_SetTxFifoThreshold)
    HAL_UARTEx_TxFifoEmptyCallback           0x080046e5   Thumb Code     2  stm32h7xx_hal_uart_ex.o(i.HAL_UARTEx_TxFifoEmptyCallback)
    HAL_UARTEx_WakeupCallback                0x080046e7   Thumb Code     2  stm32h7xx_hal_uart_ex.o(i.HAL_UARTEx_WakeupCallback)
    HAL_UART_ErrorCallback                   0x080046e9   Thumb Code     2  stm32h7xx_hal_uart.o(i.HAL_UART_ErrorCallback)
    HAL_UART_IRQHandler                      0x080046ed   Thumb Code   402  stm32h7xx_hal_uart.o(i.HAL_UART_IRQHandler)
    HAL_UART_Init                            0x08004889   Thumb Code   106  stm32h7xx_hal_uart.o(i.HAL_UART_Init)
    HAL_UART_MspInit                         0x080048f5   Thumb Code   162  usart.o(i.HAL_UART_MspInit)
    HAL_UART_Receive_IT                      0x080049ad   Thumb Code   232  stm32h7xx_hal_uart.o(i.HAL_UART_Receive_IT)
    HAL_UART_RxCpltCallback                  0x08004aa5   Thumb Code    44  stm32h7xx_it.o(i.HAL_UART_RxCpltCallback)
    HAL_UART_Transmit                        0x08004add   Thumb Code   190  stm32h7xx_hal_uart.o(i.HAL_UART_Transmit)
    HAL_UART_Transmit_DMA                    0x08004b9d   Thumb Code   144  stm32h7xx_hal_uart.o(i.HAL_UART_Transmit_DMA)
    HAL_UART_TxCpltCallback                  0x08004c39   Thumb Code     2  stm32h7xx_hal_uart.o(i.HAL_UART_TxCpltCallback)
    HAL_UART_TxHalfCpltCallback              0x08004c3b   Thumb Code     2  stm32h7xx_hal_uart.o(i.HAL_UART_TxHalfCpltCallback)
    HardFault_Handler                        0x08004c3d   Thumb Code    12  stm32h7xx_it.o(i.HardFault_Handler)
    MX_DMA_Init                              0x08004c4d   Thumb Code    40  dma.o(i.MX_DMA_Init)
    MX_FREERTOS_Init                         0x08004c79   Thumb Code    74  freertos.o(i.MX_FREERTOS_Init)
    MX_GPIO_Init                             0x08004ccd   Thumb Code   220  gpio.o(i.MX_GPIO_Init)
    MX_TIM16_Init                            0x08004dbd   Thumb Code   134  tim.o(i.MX_TIM16_Init)
    MX_USART3_UART_Init                      0x08004e4d   Thumb Code    94  usart.o(i.MX_USART3_UART_Init)
    MX_USB_OTG_FS_PCD_Init                   0x08004eb5   Thumb Code    54  usb_otg.o(i.MX_USB_OTG_FS_PCD_Init)
    MemManage_Handler                        0x08004ef5   Thumb Code     2  stm32h7xx_it.o(i.MemManage_Handler)
    NMI_Handler                              0x08004ef7   Thumb Code     2  stm32h7xx_it.o(i.NMI_Handler)
    StartDefaultTask                         0x08005139   Thumb Code     8  freertos.o(i.StartDefaultTask)
    SysTick_Handler                          0x08005141   Thumb Code    38  port.o(i.SysTick_Handler)
    SystemClock_Config                       0x0800516d   Thumb Code   174  main.o(i.SystemClock_Config)
    SystemInit                               0x08005229   Thumb Code   134  system_stm32h7xx.o(i.SystemInit)
    TIM17_IRQHandler                         0x080052c5   Thumb Code     6  stm32h7xx_it.o(i.TIM17_IRQHandler)
    TIM_Base_SetConfig                       0x080052d1   Thumb Code   162  stm32h7xx_hal_tim.o(i.TIM_Base_SetConfig)
    TIM_OC2_SetConfig                        0x0800543d   Thumb Code   126  stm32h7xx_hal_tim.o(i.TIM_OC2_SetConfig)
    UART_AdvFeatureConfig                    0x08005709   Thumb Code   200  stm32h7xx_hal_uart.o(i.UART_AdvFeatureConfig)
    UART_CheckIdleState                      0x080057d1   Thumb Code    94  stm32h7xx_hal_uart.o(i.UART_CheckIdleState)
    UART_SetConfig                           0x08005b15   Thumb Code  3236  stm32h7xx_hal_uart.o(i.UART_SetConfig)
    UART_WaitOnFlagUntilTimeout              0x080067bd   Thumb Code   100  stm32h7xx_hal_uart.o(i.UART_WaitOnFlagUntilTimeout)
    USART3_IRQHandler                        0x08006821   Thumb Code     6  stm32h7xx_it.o(i.USART3_IRQHandler)
    USB_CoreInit                             0x0800682d   Thumb Code   114  stm32h7xx_ll_usb.o(i.USB_CoreInit)
    USB_DevDisconnect                        0x080068dd   Thumb Code    24  stm32h7xx_ll_usb.o(i.USB_DevDisconnect)
    USB_DevInit                              0x080068f5   Thumb Code   374  stm32h7xx_ll_usb.o(i.USB_DevInit)
    USB_DisableGlobalInt                     0x08006a7d   Thumb Code    12  stm32h7xx_ll_usb.o(i.USB_DisableGlobalInt)
    USB_FlushRxFifo                          0x08006a89   Thumb Code    28  stm32h7xx_ll_usb.o(i.USB_FlushRxFifo)
    USB_FlushTxFifo                          0x08006aa9   Thumb Code    32  stm32h7xx_ll_usb.o(i.USB_FlushTxFifo)
    USB_SetCurrentMode                       0x08006acd   Thumb Code    46  stm32h7xx_ll_usb.o(i.USB_SetCurrentMode)
    UsageFault_Handler                       0x08006afb   Thumb Code     2  stm32h7xx_it.o(i.UsageFault_Handler)
    __0snprintf                              0x08006afd   Thumb Code    44  printfa.o(i.__0snprintf)
    __1snprintf                              0x08006afd   Thumb Code     0  printfa.o(i.__0snprintf)
    __2snprintf                              0x08006afd   Thumb Code     0  printfa.o(i.__0snprintf)
    __c89snprintf                            0x08006afd   Thumb Code     0  printfa.o(i.__0snprintf)
    snprintf                                 0x08006afd   Thumb Code     0  printfa.o(i.__0snprintf)
    __scatterload_copy                       0x08006b4f   Thumb Code    14  handlers.o(i.__scatterload_copy)
    __scatterload_null                       0x08006b5d   Thumb Code     2  handlers.o(i.__scatterload_null)
    __scatterload_zeroinit                   0x08006b5f   Thumb Code    14  handlers.o(i.__scatterload_zeroinit)
    _is_digit                                0x08006cf1   Thumb Code    14  scanf_fp.o(i._is_digit)
    configureTimerForRunTimeStats            0x08007445   Thumb Code     2  freertos.o(i.configureTimerForRunTimeStats)
    dLog_DisplayBuff_Init                    0x08007449   Thumb Code    50  uart_debug.o(i.dLog_DisplayBuff_Init)
    dLog_Refresh                             0x08007489   Thumb Code   102  uart_debug.o(i.dLog_Refresh)
    dLog_RemoveLogList                       0x08007501   Thumb Code    34  uart_debug.o(i.dLog_RemoveLogList)
    getRunTimeCounterValue                   0x08007529   Thumb Code     4  freertos.o(i.getRunTimeCounterValue)
    main                                     0x0800752d   Thumb Code    38  main.o(i.main)
    osDelay                                  0x08007561   Thumb Code    14  cmsis_os.o(i.osDelay)
    osKernelStart                            0x0800756f   Thumb Code    10  cmsis_os.o(i.osKernelStart)
    osThreadCreate                           0x08007579   Thumb Code    46  cmsis_os.o(i.osThreadCreate)
    pmFlashLoad                              0x080075a9   Thumb Code   402  parameter_manager.o(i.pmFlashLoad)
    pmFlashSave                              0x08007749   Thumb Code   404  parameter_manager.o(i.pmFlashSave)
    pmParaInput                              0x080078e9   Thumb Code   176  parameter_manager.o(i.pmParaInput)
    pmShowCase                               0x080079a1   Thumb Code   632  parameter_manager.o(i.pmShowCase)
    pmShowUserInterface                      0x08007c65   Thumb Code  2232  parameter_manager.o(i.pmShowUserInterface)
    pmTaskF                                  0x080085c9   Thumb Code   214  freertos.o(i.pmTaskF)
    pvPortMalloc                             0x08008a4d   Thumb Code   210  heap_4.o(i.pvPortMalloc)
    pxPortInitialiseStack                    0x08008b25   Thumb Code    42  port.o(i.pxPortInitialiseStack)
    udTaskF                                  0x08008b55   Thumb Code    12  freertos.o(i.udTaskF)
    ulTaskNotifyTake                         0x08008b61   Thumb Code    96  tasks.o(i.ulTaskNotifyTake)
    uxListRemove                             0x08008bc9   Thumb Code    38  list.o(i.uxListRemove)
    vListInitialise                          0x08008bef   Thumb Code    22  list.o(i.vListInitialise)
    vListInitialiseItem                      0x08008c05   Thumb Code     6  list.o(i.vListInitialiseItem)
    vListInsert                              0x08008c0b   Thumb Code    48  list.o(i.vListInsert)
    vListInsertEnd                           0x08008c3b   Thumb Code    24  list.o(i.vListInsertEnd)
    vPortEnterCritical                       0x08008c55   Thumb Code    54  port.o(i.vPortEnterCritical)
    vPortExitCritical                        0x08008c95   Thumb Code    34  port.o(i.vPortExitCritical)
    vPortFree                                0x08008cbd   Thumb Code    88  heap_4.o(i.vPortFree)
    vPortSetupTimerInterrupt                 0x08008d19   Thumb Code    32  port.o(i.vPortSetupTimerInterrupt)
    vPortValidateInterruptPriority           0x08008d3d   Thumb Code    74  port.o(i.vPortValidateInterruptPriority)
    vTaskDelay                               0x08008d91   Thumb Code    66  tasks.o(i.vTaskDelay)
    vTaskNotifyGiveFromISR                   0x08008ddd   Thumb Code   174  tasks.o(i.vTaskNotifyGiveFromISR)
    vTaskStartScheduler                      0x08008e95   Thumb Code    90  tasks.o(i.vTaskStartScheduler)
    vTaskSuspendAll                          0x08008f01   Thumb Code    10  tasks.o(i.vTaskSuspendAll)
    vTaskSwitchContext                       0x08008f11   Thumb Code   108  tasks.o(i.vTaskSwitchContext)
    xPortStartScheduler                      0x08008f85   Thumb Code   222  port.o(i.xPortStartScheduler)
    xTaskCreate                              0x08009079   Thumb Code    86  tasks.o(i.xTaskCreate)
    xTaskIncrementTick                       0x080090d1   Thumb Code   192  tasks.o(i.xTaskIncrementTick)
    xTaskResumeAll                           0x08009199   Thumb Code   184  tasks.o(i.xTaskResumeAll)
    D1CorePrescTable                         0x080092a0   Data          16  system_stm32h7xx.o(.constdata)
    __ctype_categories                       0x080092b0   Data          64  ctype_c.o(.constdata)
    Region$$Table$$Base                      0x08009518   Number         0  anon$$obj.o(Region$$Table)
    Region$$Table$$Limit                     0x08009538   Number         0  anon$$obj.o(Region$$Table)
    logListHeadPoint                         0x20000000   Data           4  uart_debug.o(.data)
    dataCountBit                             0x20000004   Data           1  parameter_manager.o(.data)
    uart_receive                             0x20000005   Data           8  parameter_manager.o(.data)
    __huart3buff_rx                          0x2000000d   Data           1  freertos.o(.data)
    defaultTaskHandle                        0x20000010   Data           4  freertos.o(.data)
    pmTaskHandle                             0x20000014   Data           4  freertos.o(.data)
    udTaskHandle                             0x20000018   Data           4  freertos.o(.data)
    huart3_S                                 0x2000001c   Data          16  freertos.o(.data)
    SystemCoreClock                          0x20000038   Data           4  system_stm32h7xx.o(.data)
    SystemD2Clock                            0x2000003c   Data           4  system_stm32h7xx.o(.data)
    pxCurrentTCB                             0x20000040   Data           4  tasks.o(.data)
    logList                                  0x200000a8   Data          64  uart_debug.o(.bss)
    logLine                                  0x200000e8   Data        1024  uart_debug.o(.bss)
    pmParaGroupList                          0x200004e8   Data          12  parameter_manager.o(.bss)
    dataBuff                                 0x20000508   Data          32  parameter_manager.o(.bss)
    __huart3buff_tx                          0x20000528   Data         128  freertos.o(.bss)
    htim16                                   0x200005a8   Data          64  tim.o(.bss)
    huart3                                   0x200005e8   Data         140  usart.o(.bss)
    hdma_usart3_tx                           0x20000674   Data         120  usart.o(.bss)
    hpcd_USB_OTG_FS                          0x200006ec   Data        1032  usb_otg.o(.bss)
    htim17                                   0x20000af4   Data          64  stm32h7xx_hal_timebase_tim.o(.bss)
    pFlash                                   0x20000b34   Data          28  stm32h7xx_hal_flash.o(.bss)
    __initial_sp                             0x20004c40   Data           0  startup_stm32h743xx.o(STACK)
    uart_transmit                            0x30040000   Data         128  parameter_manager.o(.ARM.__AT_0x30040000)



==============================================================================

Memory Map of the image

  Image Entry point : 0x08000299

  Load Region LR_IROM1 (Base: 0x08000000, Size: 0x000095e0, Max: 0x00200000, ABSOLUTE)

    Execution Region ER_IROM1 (Exec base: 0x08000000, Load base: 0x08000000, Size: 0x00009538, Max: 0x00200000, ABSOLUTE)

    Exec Addr    Load Addr    Size         Type   Attr      Idx    E Section Name        Object

    0x08000000   0x08000000   0x00000298   Data   RO            3    RESET               startup_stm32h743xx.o
    0x08000298   0x08000298   0x00000000   Code   RO         6465  * .ARM.Collect$$$$00000000  mc_w.l(entry.o)
    0x08000298   0x08000298   0x00000004   Code   RO         6755    .ARM.Collect$$$$00000001  mc_w.l(entry2.o)
    0x0800029c   0x0800029c   0x00000004   Code   RO         6758    .ARM.Collect$$$$00000004  mc_w.l(entry5.o)
    0x080002a0   0x080002a0   0x00000000   Code   RO         6760    .ARM.Collect$$$$00000008  mc_w.l(entry7b.o)
    0x080002a0   0x080002a0   0x00000000   Code   RO         6762    .ARM.Collect$$$$0000000A  mc_w.l(entry8b.o)
    0x080002a0   0x080002a0   0x00000008   Code   RO         6763    .ARM.Collect$$$$0000000B  mc_w.l(entry9a.o)
    0x080002a8   0x080002a8   0x00000000   Code   RO         6765    .ARM.Collect$$$$0000000D  mc_w.l(entry10a.o)
    0x080002a8   0x080002a8   0x00000000   Code   RO         6767    .ARM.Collect$$$$0000000F  mc_w.l(entry11a.o)
    0x080002a8   0x080002a8   0x00000004   Code   RO         6756    .ARM.Collect$$$$00002712  mc_w.l(entry2.o)
    0x080002ac   0x080002ac   0x000000be   Code   RO         6388    .emb_text           port.o
    0x0800036a   0x0800036a   0x00000002   PAD
    0x0800036c   0x0800036c   0x00000024   Code   RO            4    .text               startup_stm32h743xx.o
    0x08000390   0x08000390   0x00000062   Code   RO         6468    .text               mc_w.l(uldiv.o)
    0x080003f2   0x080003f2   0x00000024   Code   RO         6470    .text               mc_w.l(memcpya.o)
    0x08000416   0x08000416   0x00000024   Code   RO         6474    .text               mc_w.l(memseta.o)
    0x0800043a   0x0800043a   0x0000000e   Code   RO         6476    .text               mc_w.l(strlen.o)
    0x08000448   0x08000448   0x00000038   Code   RO         6745    .text               mc_w.l(__0sscanf.o)
    0x08000480   0x08000480   0x0000014c   Code   RO         6747    .text               mc_w.l(_scanf_int.o)
    0x080005cc   0x080005cc   0x000000e0   Code   RO         6749    .text               mc_w.l(_scanf_str.o)
    0x080006ac   0x080006ac   0x00000360   Code   RO         6751    .text               mc_w.l(scanf_fp.o)
    0x08000a0c   0x08000a0c   0x0000002c   Code   RO         6772    .text               mc_w.l(uidiv.o)
    0x08000a38   0x08000a38   0x0000001e   Code   RO         6774    .text               mc_w.l(llshl.o)
    0x08000a56   0x08000a56   0x00000020   Code   RO         6776    .text               mc_w.l(llushr.o)
    0x08000a76   0x08000a76   0x0000001c   Code   RO         6778    .text               mc_w.l(_chval.o)
    0x08000a92   0x08000a92   0x00000002   PAD
    0x08000a94   0x08000a94   0x00000028   Code   RO         6780    .text               mc_w.l(scanf_char.o)
    0x08000abc   0x08000abc   0x00000040   Code   RO         6782    .text               mc_w.l(_sgetc.o)
    0x08000afc   0x08000afc   0x00000000   Code   RO         6784    .text               mc_w.l(iusefp.o)
    0x08000afc   0x08000afc   0x0000014e   Code   RO         6785    .text               mf_w.l(dadd.o)
    0x08000c4a   0x08000c4a   0x000000e4   Code   RO         6787    .text               mf_w.l(dmul.o)
    0x08000d2e   0x08000d2e   0x000000de   Code   RO         6789    .text               mf_w.l(ddiv.o)
    0x08000e0c   0x08000e0c   0x00000018   Code   RO         6791    .text               mf_w.l(dfltul.o)
    0x08000e24   0x08000e24   0x00000030   Code   RO         6793    .text               mf_w.l(dfixul.o)
    0x08000e54   0x08000e54   0x00000030   Code   RO         6795    .text               mf_w.l(cdrcmple.o)
    0x08000e84   0x08000e84   0x00000038   Code   RO         6797    .text               mf_w.l(d2f.o)
    0x08000ebc   0x08000ebc   0x00000024   Code   RO         6799    .text               mc_w.l(init.o)
    0x08000ee0   0x08000ee0   0x00000024   Code   RO         6802    .text               mc_w.l(llsshr.o)
    0x08000f04   0x08000f04   0x0000000a   Code   RO         6804    .text               mc_w.l(isspace_c.o)
    0x08000f0e   0x08000f0e   0x00000002   PAD
    0x08000f10   0x08000f10   0x0000032c   Code   RO         6806    .text               mc_w.l(_scanf.o)
    0x0800123c   0x0800123c   0x0000006e   Code   RO         6809    .text               mf_w.l(fepilogue.o)
    0x080012aa   0x080012aa   0x000000ba   Code   RO         6811    .text               mf_w.l(depilogue.o)
    0x08001364   0x08001364   0x00000028   Code   RO         6813    .text               mc_w.l(ctype_c.o)
    0x0800138c   0x0800138c   0x00000002   Code   RO          621    i.BusFault_Handler  stm32h7xx_it.o
    0x0800138e   0x0800138e   0x00000002   PAD
    0x08001390   0x08001390   0x0000000c   Code   RO          622    i.DMA1_Stream0_IRQHandler  stm32h7xx_it.o
    0x0800139c   0x0800139c   0x000000b4   Code   RO         3568    i.DMA_CalcBaseAndBitshift  stm32h7xx_hal_dma.o
    0x08001450   0x08001450   0x0000009c   Code   RO         3569    i.DMA_CalcDMAMUXChannelBaseAndMask  stm32h7xx_hal_dma.o
    0x080014ec   0x080014ec   0x00000074   Code   RO         3570    i.DMA_CalcDMAMUXRequestGenBaseAndMask  stm32h7xx_hal_dma.o
    0x08001560   0x08001560   0x00000054   Code   RO         3571    i.DMA_CheckFifoParam  stm32h7xx_hal_dma.o
    0x080015b4   0x080015b4   0x00000124   Code   RO         3572    i.DMA_SetConfig     stm32h7xx_hal_dma.o
    0x080016d8   0x080016d8   0x00000002   Code   RO          623    i.DebugMon_Handler  stm32h7xx_it.o
    0x080016da   0x080016da   0x00000002   Code   RO          315    i.Error_Handler     main.o
    0x080016dc   0x080016dc   0x00000054   Code   RO         3322    i.FLASH_Erase_Sector  stm32h7xx_hal_flash_ex.o
    0x08001730   0x08001730   0x00000080   Code   RO         3323    i.FLASH_MassErase   stm32h7xx_hal_flash_ex.o
    0x080017b0   0x080017b0   0x000000d0   Code   RO         3214    i.FLASH_WaitForLastOperation  stm32h7xx_hal_flash.o
    0x08001880   0x08001880   0x000001cc   Code   RO         3574    i.HAL_DMA_Abort_IT  stm32h7xx_hal_dma.o
    0x08001a4c   0x08001a4c   0x000006f0   Code   RO         3578    i.HAL_DMA_IRQHandler  stm32h7xx_hal_dma.o
    0x0800213c   0x0800213c   0x000002d4   Code   RO         3579    i.HAL_DMA_Init      stm32h7xx_hal_dma.o
    0x08002410   0x08002410   0x000001f8   Code   RO         3583    i.HAL_DMA_Start_IT  stm32h7xx_hal_dma.o
    0x08002608   0x08002608   0x00000024   Code   RO         4282    i.HAL_Delay         stm32h7xx_hal.o
    0x0800262c   0x0800262c   0x00000114   Code   RO         3326    i.HAL_FLASHEx_Erase  stm32h7xx_hal_flash_ex.o
    0x08002740   0x08002740   0x00000030   Code   RO         3218    i.HAL_FLASH_Lock    stm32h7xx_hal_flash.o
    0x08002770   0x08002770   0x000000b4   Code   RO         3223    i.HAL_FLASH_Program  stm32h7xx_hal_flash.o
    0x08002824   0x08002824   0x00000044   Code   RO         3225    i.HAL_FLASH_Unlock  stm32h7xx_hal_flash.o
    0x08002868   0x08002868   0x000001fc   Code   RO         3421    i.HAL_GPIO_Init     stm32h7xx_hal_gpio.o
    0x08002a64   0x08002a64   0x0000000a   Code   RO         3425    i.HAL_GPIO_WritePin  stm32h7xx_hal_gpio.o
    0x08002a6e   0x08002a6e   0x00000002   PAD
    0x08002a70   0x08002a70   0x0000000c   Code   RO         4297    i.HAL_GetREVID      stm32h7xx_hal.o
    0x08002a7c   0x08002a7c   0x0000000c   Code   RO         4298    i.HAL_GetTick       stm32h7xx_hal.o
    0x08002a88   0x08002a88   0x00000010   Code   RO         4301    i.HAL_IncTick       stm32h7xx_hal.o
    0x08002a98   0x08002a98   0x00000058   Code   RO         4302    i.HAL_Init          stm32h7xx_hal.o
    0x08002af0   0x08002af0   0x00000074   Code   RO          727    i.HAL_InitTick      stm32h7xx_hal_timebase_tim.o
    0x08002b64   0x08002b64   0x00000024   Code   RO          703    i.HAL_MspInit       stm32h7xx_hal_msp.o
    0x08002b88   0x08002b88   0x0000001a   Code   RO          772    i.HAL_NVIC_EnableIRQ  stm32h7xx_hal_cortex.o
    0x08002ba2   0x08002ba2   0x00000002   PAD
    0x08002ba4   0x08002ba4   0x00000040   Code   RO          778    i.HAL_NVIC_SetPriority  stm32h7xx_hal_cortex.o
    0x08002be4   0x08002be4   0x00000024   Code   RO          779    i.HAL_NVIC_SetPriorityGrouping  stm32h7xx_hal_cortex.o
    0x08002c08   0x08002c08   0x00000028   Code   RO         2573    i.HAL_PCDEx_ActivateLPM  stm32h7xx_hal_pcd_ex.o
    0x08002c30   0x08002c30   0x000000f2   Code   RO         2373    i.HAL_PCD_Init      stm32h7xx_hal_pcd.o
    0x08002d22   0x08002d22   0x00000002   PAD
    0x08002d24   0x08002d24   0x0000007c   Code   RO          580    i.HAL_PCD_MspInit   usb_otg.o
    0x08002da0   0x08002da0   0x00000050   Code   RO         4022    i.HAL_PWREx_ConfigSupply  stm32h7xx_hal_pwr_ex.o
    0x08002df0   0x08002df0   0x00000010   Code   RO         4039    i.HAL_PWREx_EnableUSBVoltageDetector  stm32h7xx_hal_pwr_ex.o
    0x08002e00   0x08002e00   0x0000002c   Code   RO         3058    i.HAL_RCCEx_GetD1SysClockFreq  stm32h7xx_hal_rcc_ex.o
    0x08002e2c   0x08002e2c   0x00000024   Code   RO         3059    i.HAL_RCCEx_GetD3PCLK1Freq  stm32h7xx_hal_rcc_ex.o
    0x08002e50   0x08002e50   0x00000144   Code   RO         3061    i.HAL_RCCEx_GetPLL2ClockFreq  stm32h7xx_hal_rcc_ex.o
    0x08002f94   0x08002f94   0x00000144   Code   RO         3062    i.HAL_RCCEx_GetPLL3ClockFreq  stm32h7xx_hal_rcc_ex.o
    0x080030d8   0x080030d8   0x000008b6   Code   RO         3066    i.HAL_RCCEx_PeriphCLKConfig  stm32h7xx_hal_rcc_ex.o
    0x0800398e   0x0800398e   0x00000002   PAD
    0x08003990   0x08003990   0x00000240   Code   RO         2945    i.HAL_RCC_ClockConfig  stm32h7xx_hal_rcc.o
    0x08003bd0   0x08003bd0   0x0000005c   Code   RO         2949    i.HAL_RCC_GetClockConfig  stm32h7xx_hal_rcc.o
    0x08003c2c   0x08003c2c   0x0000002c   Code   RO         2950    i.HAL_RCC_GetHCLKFreq  stm32h7xx_hal_rcc.o
    0x08003c58   0x08003c58   0x00000024   Code   RO         2952    i.HAL_RCC_GetPCLK1Freq  stm32h7xx_hal_rcc.o
    0x08003c7c   0x08003c7c   0x00000024   Code   RO         2953    i.HAL_RCC_GetPCLK2Freq  stm32h7xx_hal_rcc.o
    0x08003ca0   0x08003ca0   0x00000138   Code   RO         2954    i.HAL_RCC_GetSysClockFreq  stm32h7xx_hal_rcc.o
    0x08003dd8   0x08003dd8   0x000004b6   Code   RO         2957    i.HAL_RCC_OscConfig  stm32h7xx_hal_rcc.o
    0x0800428e   0x0800428e   0x00000002   Code   RO         1606    i.HAL_TIMEx_Break2Callback  stm32h7xx_hal_tim_ex.o
    0x08004290   0x08004290   0x00000002   Code   RO         1607    i.HAL_TIMEx_BreakCallback  stm32h7xx_hal_tim_ex.o
    0x08004292   0x08004292   0x00000002   Code   RO         1608    i.HAL_TIMEx_CommutCallback  stm32h7xx_hal_tim_ex.o
    0x08004294   0x08004294   0x000000a0   Code   RO         1610    i.HAL_TIMEx_ConfigBreakDeadTime  stm32h7xx_hal_tim_ex.o
    0x08004334   0x08004334   0x00000036   Code   RO          909    i.HAL_TIM_Base_Init  stm32h7xx_hal_tim.o
    0x0800436a   0x0800436a   0x00000002   PAD
    0x0800436c   0x0800436c   0x00000028   Code   RO          496    i.HAL_TIM_Base_MspInit  tim.o
    0x08004394   0x08004394   0x0000002c   Code   RO          914    i.HAL_TIM_Base_Start_IT  stm32h7xx_hal_tim.o
    0x080043c0   0x080043c0   0x00000002   Code   RO          940    i.HAL_TIM_IC_CaptureCallback  stm32h7xx_hal_tim.o
    0x080043c2   0x080043c2   0x00000182   Code   RO          954    i.HAL_TIM_IRQHandler  stm32h7xx_hal_tim.o
    0x08004544   0x08004544   0x00000072   Code   RO          955    i.HAL_TIM_OC_ConfigChannel  stm32h7xx_hal_tim.o
    0x080045b6   0x080045b6   0x00000002   Code   RO          957    i.HAL_TIM_OC_DelayElapsedCallback  stm32h7xx_hal_tim.o
    0x080045b8   0x080045b8   0x00000036   Code   RO          959    i.HAL_TIM_OC_Init   stm32h7xx_hal_tim.o
    0x080045ee   0x080045ee   0x00000002   Code   RO          961    i.HAL_TIM_OC_MspInit  stm32h7xx_hal_tim.o
    0x080045f0   0x080045f0   0x00000002   Code   RO          984    i.HAL_TIM_PWM_PulseFinishedCallback  stm32h7xx_hal_tim.o
    0x080045f2   0x080045f2   0x00000002   PAD
    0x080045f4   0x080045f4   0x00000014   Code   RO          316    i.HAL_TIM_PeriodElapsedCallback  main.o
    0x08004608   0x08004608   0x00000002   Code   RO          997    i.HAL_TIM_TriggerCallback  stm32h7xx_hal_tim.o
    0x0800460a   0x0800460a   0x00000040   Code   RO         2259    i.HAL_UARTEx_DisableFifoMode  stm32h7xx_hal_uart_ex.o
    0x0800464a   0x0800464a   0x00000002   Code   RO         2263    i.HAL_UARTEx_RxFifoFullCallback  stm32h7xx_hal_uart_ex.o
    0x0800464c   0x0800464c   0x0000004c   Code   RO         2264    i.HAL_UARTEx_SetRxFifoThreshold  stm32h7xx_hal_uart_ex.o
    0x08004698   0x08004698   0x0000004c   Code   RO         2265    i.HAL_UARTEx_SetTxFifoThreshold  stm32h7xx_hal_uart_ex.o
    0x080046e4   0x080046e4   0x00000002   Code   RO         2267    i.HAL_UARTEx_TxFifoEmptyCallback  stm32h7xx_hal_uart_ex.o
    0x080046e6   0x080046e6   0x00000002   Code   RO         2268    i.HAL_UARTEx_WakeupCallback  stm32h7xx_hal_uart_ex.o
    0x080046e8   0x080046e8   0x00000002   Code   RO         1903    i.HAL_UART_ErrorCallback  stm32h7xx_hal_uart.o
    0x080046ea   0x080046ea   0x00000002   PAD
    0x080046ec   0x080046ec   0x0000019c   Code   RO         1906    i.HAL_UART_IRQHandler  stm32h7xx_hal_uart.o
    0x08004888   0x08004888   0x0000006a   Code   RO         1907    i.HAL_UART_Init     stm32h7xx_hal_uart.o
    0x080048f2   0x080048f2   0x00000002   PAD
    0x080048f4   0x080048f4   0x000000b8   Code   RO          538    i.HAL_UART_MspInit  usart.o
    0x080049ac   0x080049ac   0x000000f8   Code   RO         1912    i.HAL_UART_Receive_IT  stm32h7xx_hal_uart.o
    0x08004aa4   0x08004aa4   0x00000038   Code   RO          624    i.HAL_UART_RxCpltCallback  stm32h7xx_it.o
    0x08004adc   0x08004adc   0x000000be   Code   RO         1915    i.HAL_UART_Transmit  stm32h7xx_hal_uart.o
    0x08004b9a   0x08004b9a   0x00000002   PAD
    0x08004b9c   0x08004b9c   0x0000009c   Code   RO         1916    i.HAL_UART_Transmit_DMA  stm32h7xx_hal_uart.o
    0x08004c38   0x08004c38   0x00000002   Code   RO         1918    i.HAL_UART_TxCpltCallback  stm32h7xx_hal_uart.o
    0x08004c3a   0x08004c3a   0x00000002   Code   RO         1919    i.HAL_UART_TxHalfCpltCallback  stm32h7xx_hal_uart.o
    0x08004c3c   0x08004c3c   0x00000010   Code   RO          625    i.HardFault_Handler  stm32h7xx_it.o
    0x08004c4c   0x08004c4c   0x0000002c   Code   RO          395    i.MX_DMA_Init       dma.o
    0x08004c78   0x08004c78   0x00000054   Code   RO          419    i.MX_FREERTOS_Init  freertos.o
    0x08004ccc   0x08004ccc   0x000000f0   Code   RO          371    i.MX_GPIO_Init      gpio.o
    0x08004dbc   0x08004dbc   0x00000090   Code   RO          497    i.MX_TIM16_Init     tim.o
    0x08004e4c   0x08004e4c   0x00000068   Code   RO          539    i.MX_USART3_UART_Init  usart.o
    0x08004eb4   0x08004eb4   0x00000040   Code   RO          581    i.MX_USB_OTG_FS_PCD_Init  usb_otg.o
    0x08004ef4   0x08004ef4   0x00000002   Code   RO          626    i.MemManage_Handler  stm32h7xx_it.o
    0x08004ef6   0x08004ef6   0x00000002   Code   RO          627    i.NMI_Handler       stm32h7xx_it.o
    0x08004ef8   0x08004ef8   0x00000120   Code   RO         3069    i.RCCEx_PLL2_Config  stm32h7xx_hal_rcc_ex.o
    0x08005018   0x08005018   0x00000120   Code   RO         3070    i.RCCEx_PLL3_Config  stm32h7xx_hal_rcc_ex.o
    0x08005138   0x08005138   0x00000008   Code   RO          420    i.StartDefaultTask  freertos.o
    0x08005140   0x08005140   0x0000002c   Code   RO         6389    i.SysTick_Handler   port.o
    0x0800516c   0x0800516c   0x000000bc   Code   RO          317    i.SystemClock_Config  main.o
    0x08005228   0x08005228   0x0000009c   Code   RO         5101    i.SystemInit        system_stm32h7xx.o
    0x080052c4   0x080052c4   0x0000000c   Code   RO          628    i.TIM17_IRQHandler  stm32h7xx_it.o
    0x080052d0   0x080052d0   0x000000c4   Code   RO          999    i.TIM_Base_SetConfig  stm32h7xx_hal_tim.o
    0x08005394   0x08005394   0x000000a8   Code   RO         1012    i.TIM_OC1_SetConfig  stm32h7xx_hal_tim.o
    0x0800543c   0x0800543c   0x00000098   Code   RO         1013    i.TIM_OC2_SetConfig  stm32h7xx_hal_tim.o
    0x080054d4   0x080054d4   0x0000008c   Code   RO         1014    i.TIM_OC3_SetConfig  stm32h7xx_hal_tim.o
    0x08005560   0x08005560   0x0000006c   Code   RO         1015    i.TIM_OC4_SetConfig  stm32h7xx_hal_tim.o
    0x080055cc   0x080055cc   0x0000006c   Code   RO         1016    i.TIM_OC5_SetConfig  stm32h7xx_hal_tim.o
    0x08005638   0x08005638   0x0000006c   Code   RO         1017    i.TIM_OC6_SetConfig  stm32h7xx_hal_tim.o
    0x080056a4   0x080056a4   0x00000064   Code   RO         2269    i.UARTEx_SetNbDataToProcess  stm32h7xx_hal_uart_ex.o
    0x08005708   0x08005708   0x000000c8   Code   RO         1920    i.UART_AdvFeatureConfig  stm32h7xx_hal_uart.o
    0x080057d0   0x080057d0   0x0000005e   Code   RO         1921    i.UART_CheckIdleState  stm32h7xx_hal_uart.o
    0x0800582e   0x0800582e   0x00000014   Code   RO         1922    i.UART_DMAAbortOnError  stm32h7xx_hal_uart.o
    0x08005842   0x08005842   0x0000004e   Code   RO         1923    i.UART_DMAError     stm32h7xx_hal_uart.o
    0x08005890   0x08005890   0x0000002e   Code   RO         1928    i.UART_DMATransmitCplt  stm32h7xx_hal_uart.o
    0x080058be   0x080058be   0x0000000a   Code   RO         1930    i.UART_DMATxHalfCplt  stm32h7xx_hal_uart.o
    0x080058c8   0x080058c8   0x00000028   Code   RO         1932    i.UART_EndRxTransfer  stm32h7xx_hal_uart.o
    0x080058f0   0x080058f0   0x0000001c   Code   RO         1933    i.UART_EndTxTransfer  stm32h7xx_hal_uart.o
    0x0800590c   0x0800590c   0x0000005e   Code   RO         1934    i.UART_RxISR_16BIT  stm32h7xx_hal_uart.o
    0x0800596a   0x0800596a   0x00000002   PAD
    0x0800596c   0x0800596c   0x000000a4   Code   RO         1935    i.UART_RxISR_16BIT_FIFOEN  stm32h7xx_hal_uart.o
    0x08005a10   0x08005a10   0x0000005e   Code   RO         1936    i.UART_RxISR_8BIT   stm32h7xx_hal_uart.o
    0x08005a6e   0x08005a6e   0x00000002   PAD
    0x08005a70   0x08005a70   0x000000a4   Code   RO         1937    i.UART_RxISR_8BIT_FIFOEN  stm32h7xx_hal_uart.o
    0x08005b14   0x08005b14   0x00000ca8   Code   RO         1938    i.UART_SetConfig    stm32h7xx_hal_uart.o
    0x080067bc   0x080067bc   0x00000064   Code   RO         1943    i.UART_WaitOnFlagUntilTimeout  stm32h7xx_hal_uart.o
    0x08006820   0x08006820   0x0000000c   Code   RO          629    i.USART3_IRQHandler  stm32h7xx_it.o
    0x0800682c   0x0800682c   0x00000078   Code   RO         2649    i.USB_CoreInit      stm32h7xx_ll_usb.o
    0x080068a4   0x080068a4   0x00000038   Code   RO         2650    i.USB_CoreReset     stm32h7xx_ll_usb.o
    0x080068dc   0x080068dc   0x00000018   Code   RO         2655    i.USB_DevDisconnect  stm32h7xx_ll_usb.o
    0x080068f4   0x080068f4   0x00000188   Code   RO         2656    i.USB_DevInit       stm32h7xx_ll_usb.o
    0x08006a7c   0x08006a7c   0x0000000c   Code   RO         2657    i.USB_DisableGlobalInt  stm32h7xx_ll_usb.o
    0x08006a88   0x08006a88   0x00000020   Code   RO         2666    i.USB_FlushRxFifo   stm32h7xx_ll_usb.o
    0x08006aa8   0x08006aa8   0x00000024   Code   RO         2667    i.USB_FlushTxFifo   stm32h7xx_ll_usb.o
    0x08006acc   0x08006acc   0x0000002e   Code   RO         2685    i.USB_SetCurrentMode  stm32h7xx_ll_usb.o
    0x08006afa   0x08006afa   0x00000002   Code   RO          630    i.UsageFault_Handler  stm32h7xx_it.o
    0x08006afc   0x08006afc   0x00000030   Code   RO         6718    i.__0snprintf       mc_w.l(printfa.o)
    0x08006b2c   0x08006b2c   0x00000022   Code   RO          785    i.__NVIC_SetPriority  stm32h7xx_hal_cortex.o
    0x08006b4e   0x08006b4e   0x0000000e   Code   RO         6818    i.__scatterload_copy  mc_w.l(handlers.o)
    0x08006b5c   0x08006b5c   0x00000002   Code   RO         6819    i.__scatterload_null  mc_w.l(handlers.o)
    0x08006b5e   0x08006b5e   0x0000000e   Code   RO         6820    i.__scatterload_zeroinit  mc_w.l(handlers.o)
    0x08006b6c   0x08006b6c   0x00000184   Code   RO         6724    i._fp_digits        mc_w.l(printfa.o)
    0x08006cf0   0x08006cf0   0x0000000e   Code   RO         6753    i._is_digit         mc_w.l(scanf_fp.o)
    0x08006cfe   0x08006cfe   0x00000002   PAD
    0x08006d00   0x08006d00   0x000006dc   Code   RO         6725    i._printf_core      mc_w.l(printfa.o)
    0x080073dc   0x080073dc   0x00000024   Code   RO         6726    i._printf_post_padding  mc_w.l(printfa.o)
    0x08007400   0x08007400   0x0000002e   Code   RO         6727    i._printf_pre_padding  mc_w.l(printfa.o)
    0x0800742e   0x0800742e   0x00000016   Code   RO         6728    i._snputc           mc_w.l(printfa.o)
    0x08007444   0x08007444   0x00000002   Code   RO          421    i.configureTimerForRunTimeStats  freertos.o
    0x08007446   0x08007446   0x00000002   PAD
    0x08007448   0x08007448   0x00000040   Code   RO           13    i.dLog_DisplayBuff_Init  uart_debug.o
    0x08007488   0x08007488   0x00000078   Code   RO           14    i.dLog_Refresh      uart_debug.o
    0x08007500   0x08007500   0x00000028   Code   RO           15    i.dLog_RemoveLogList  uart_debug.o
    0x08007528   0x08007528   0x00000004   Code   RO          422    i.getRunTimeCounterValue  freertos.o
    0x0800752c   0x0800752c   0x00000026   Code   RO          318    i.main              main.o
    0x08007552   0x08007552   0x0000000e   Code   RO         5960    i.makeFreeRtosPriority  cmsis_os.o
    0x08007560   0x08007560   0x0000000e   Code   RO         5962    i.osDelay           cmsis_os.o
    0x0800756e   0x0800756e   0x0000000a   Code   RO         5965    i.osKernelStart     cmsis_os.o
    0x08007578   0x08007578   0x0000002e   Code   RO         5999    i.osThreadCreate    cmsis_os.o
    0x080075a6   0x080075a6   0x00000002   PAD
    0x080075a8   0x080075a8   0x000001a0   Code   RO          226    i.pmFlashLoad       parameter_manager.o
    0x08007748   0x08007748   0x000001a0   Code   RO          227    i.pmFlashSave       parameter_manager.o
    0x080078e8   0x080078e8   0x000000b8   Code   RO          230    i.pmParaInput       parameter_manager.o
    0x080079a0   0x080079a0   0x000002c4   Code   RO          231    i.pmShowCase        parameter_manager.o
    0x08007c64   0x08007c64   0x00000964   Code   RO          232    i.pmShowUserInterface  parameter_manager.o
    0x080085c8   0x080085c8   0x0000014c   Code   RO          423    i.pmTaskF           freertos.o
    0x08008714   0x08008714   0x00000070   Code   RO         5608    i.prvAddCurrentTaskToDelayedList  tasks.o
    0x08008784   0x08008784   0x000000d0   Code   RO         5609    i.prvAddNewTaskToReadyList  tasks.o
    0x08008854   0x08008854   0x00000014   Code   RO         5610    i.prvDeleteTCB      tasks.o
    0x08008868   0x08008868   0x00000050   Code   RO         6327    i.prvHeapInit       heap_4.o
    0x080088b8   0x080088b8   0x00000060   Code   RO         5611    i.prvIdleTask       tasks.o
    0x08008918   0x08008918   0x0000009e   Code   RO         5612    i.prvInitialiseNewTask  tasks.o
    0x080089b6   0x080089b6   0x00000002   PAD
    0x080089b8   0x080089b8   0x0000004c   Code   RO         6328    i.prvInsertBlockIntoFreeList  heap_4.o
    0x08008a04   0x08008a04   0x00000020   Code   RO         5614    i.prvResetNextTaskUnblockTime  tasks.o
    0x08008a24   0x08008a24   0x00000028   Code   RO         6390    i.prvTaskExitError  port.o
    0x08008a4c   0x08008a4c   0x000000d8   Code   RO         6329    i.pvPortMalloc      heap_4.o
    0x08008b24   0x08008b24   0x00000030   Code   RO         6391    i.pxPortInitialiseStack  port.o
    0x08008b54   0x08008b54   0x0000000c   Code   RO          424    i.udTaskF           freertos.o
    0x08008b60   0x08008b60   0x00000068   Code   RO         5618    i.ulTaskNotifyTake  tasks.o
    0x08008bc8   0x08008bc8   0x00000026   Code   RO         5244    i.uxListRemove      list.o
    0x08008bee   0x08008bee   0x00000016   Code   RO         5245    i.vListInitialise   list.o
    0x08008c04   0x08008c04   0x00000006   Code   RO         5246    i.vListInitialiseItem  list.o
    0x08008c0a   0x08008c0a   0x00000030   Code   RO         5247    i.vListInsert       list.o
    0x08008c3a   0x08008c3a   0x00000018   Code   RO         5248    i.vListInsertEnd    list.o
    0x08008c52   0x08008c52   0x00000002   PAD
    0x08008c54   0x08008c54   0x00000040   Code   RO         6393    i.vPortEnterCritical  port.o
    0x08008c94   0x08008c94   0x00000028   Code   RO         6394    i.vPortExitCritical  port.o
    0x08008cbc   0x08008cbc   0x0000005c   Code   RO         6330    i.vPortFree         heap_4.o
    0x08008d18   0x08008d18   0x00000024   Code   RO         6395    i.vPortSetupTimerInterrupt  port.o
    0x08008d3c   0x08008d3c   0x00000054   Code   RO         6396    i.vPortValidateInterruptPriority  port.o
    0x08008d90   0x08008d90   0x0000004c   Code   RO         5625    i.vTaskDelay        tasks.o
    0x08008ddc   0x08008ddc   0x000000b8   Code   RO         5633    i.vTaskNotifyGiveFromISR  tasks.o
    0x08008e94   0x08008e94   0x0000006c   Code   RO         5642    i.vTaskStartScheduler  tasks.o
    0x08008f00   0x08008f00   0x00000010   Code   RO         5644    i.vTaskSuspendAll   tasks.o
    0x08008f10   0x08008f10   0x00000074   Code   RO         5645    i.vTaskSwitchContext  tasks.o
    0x08008f84   0x08008f84   0x000000f4   Code   RO         6397    i.xPortStartScheduler  port.o
    0x08009078   0x08009078   0x00000056   Code   RO         5647    i.xTaskCreate       tasks.o
    0x080090ce   0x080090ce   0x00000002   PAD
    0x080090d0   0x080090d0   0x000000c8   Code   RO         5654    i.xTaskIncrementTick  tasks.o
    0x08009198   0x08009198   0x000000c4   Code   RO         5660    i.xTaskResumeAll    tasks.o
    0x0800925c   0x0800925c   0x0000003c   Data   RO          426    .constdata          freertos.o
    0x08009298   0x08009298   0x00000008   Data   RO         3585    .constdata          stm32h7xx_hal_dma.o
    0x080092a0   0x080092a0   0x00000010   Data   RO         5102    .constdata          system_stm32h7xx.o
    0x080092b0   0x080092b0   0x00000040   Data   RO         6814    .constdata          mc_w.l(ctype_c.o)
    0x080092f0   0x080092f0   0x00000209   Data   RO          235    .conststring        parameter_manager.o
    0x080094f9   0x080094f9   0x00000003   PAD
    0x080094fc   0x080094fc   0x0000001c   Data   RO          427    .conststring        freertos.o
    0x08009518   0x08009518   0x00000020   Data   RO         6816    Region$$Table       anon$$obj.o


    Execution Region RW_IRAM1 (Exec base: 0x20000000, Load base: 0x08009538, Size: 0x00004c40, Max: 0x00020000, ABSOLUTE)

    Exec Addr    Load Addr    Size         Type   Attr      Idx    E Section Name        Object

    0x20000000   0x08009538   0x00000004   Data   RW           17    .data               uart_debug.o
    0x20000004   0x0800953c   0x00000009   Data   RW          237    .data               parameter_manager.o
    0x2000000d   0x08009545   0x00000001   Data   RW          428    .data               freertos.o
    0x2000000e   0x08009546   0x00000002   PAD
    0x20000010   0x08009548   0x0000001c   Data   RW          429    .data               freertos.o
    0x2000002c   0x08009564   0x0000000c   Data   RW         4324    .data               stm32h7xx_hal.o
    0x20000038   0x08009570   0x00000008   Data   RW         5103    .data               system_stm32h7xx.o
    0x20000040   0x08009578   0x00000044   Data   RW         5663    .data               tasks.o
    0x20000084   0x080095bc   0x00000018   Data   RW         6335    .data               heap_4.o
    0x2000009c   0x080095d4   0x0000000c   Data   RW         6398    .data               port.o
    0x200000a8        -       0x00000440   Zero   RW           16    .bss                uart_debug.o
    0x200004e8        -       0x00000040   Zero   RW          234    .bss                parameter_manager.o
    0x20000528        -       0x00000080   Zero   RW          425    .bss                freertos.o
    0x200005a8        -       0x00000040   Zero   RW          498    .bss                tim.o
    0x200005e8        -       0x00000104   Zero   RW          540    .bss                usart.o
    0x200006ec        -       0x00000408   Zero   RW          582    .bss                usb_otg.o
    0x20000af4        -       0x00000040   Zero   RW          730    .bss                stm32h7xx_hal_timebase_tim.o
    0x20000b34        -       0x0000001c   Zero   RW         3226    .bss                stm32h7xx_hal_flash.o
    0x20000b50        -       0x000000f0   Zero   RW         5662    .bss                tasks.o
    0x20000c40        -       0x00003c00   Zero   RW         6334    .bss                heap_4.o
    0x20004840        -       0x00000400   Zero   RW            1    STACK               startup_stm32h743xx.o



  Load Region LR$$.ARM.__AT_0x30040000 (Base: 0x30040000, Size: 0x00000000, Max: 0x00000080, ABSOLUTE)

    Execution Region ER$$.ARM.__AT_0x30040000 (Exec base: 0x30040000, Load base: 0x30040000, Size: 0x00000080, Max: 0x00000080, ABSOLUTE, UNINIT)

    Exec Addr    Load Addr    Size         Type   Attr      Idx    E Section Name        Object

    0x30040000        -       0x00000080   Zero   RW          233    .ARM.__AT_0x30040000  parameter_manager.o


==============================================================================

Image component sizes


      Code (inc. data)   RO Data    RW Data    ZI Data      Debug   Object Name

        84          0          0          0          0      13361   cmsis_os.o
        44          4          0          0          0        738   dma.o
         0          0          0          0          0       9692   event_groups.o
       442        128         88         29        128      10669   freertos.o
       240         20          0          0          0       1007   gpio.o
       464         24          0         24      15360       7899   heap_4.o
       138          0          0          0          0       3998   list.o
       248         20          0          0          0       2612   main.o
      4128        654        521          9        192      13319   parameter_manager.o
       790         84          0         12          0      12849   port.o
        36          8        664          0       1024        828   startup_stm32h743xx.o
       164         34          0         12          0       4326   stm32h7xx_hal.o
       160         12          0          0          0      38138   stm32h7xx_hal_cortex.o
      4292        202          8          0          0      10818   stm32h7xx_hal_dma.o
       504         52          0          0         28      15098   stm32h7xx_hal_flash.o
       488         16          0          0          0       4585   stm32h7xx_hal_flash_ex.o
       518         50          0          0          0       2832   stm32h7xx_hal_gpio.o
        36          4          0          0          0        782   stm32h7xx_hal_msp.o
       242          0          0          0          0       1963   stm32h7xx_hal_pcd.o
        40          6          0          0          0       1318   stm32h7xx_hal_pcd_ex.o
        96          8          0          0          0       1510   stm32h7xx_hal_pwr_ex.o
      2302        104          0          0          0       8021   stm32h7xx_hal_rcc.o
      3534        126          0          0          0       8975   stm32h7xx_hal_rcc_ex.o
      1642        172          0          0          0      14687   stm32h7xx_hal_tim.o
       166         10          0          0          0       3472   stm32h7xx_hal_tim_ex.o
       116         16          0          0         64       1440   stm32h7xx_hal_timebase_tim.o
      5490        178          0          0          0      21874   stm32h7xx_hal_uart.o
       322         18          0          0          0       5974   stm32h7xx_hal_uart_ex.o
       118         34          0          0          0       5220   stm32h7xx_it.o
       718         38          0          0          0       7760   stm32h7xx_ll_usb.o
       156         22         16          8          0       1390   system_stm32h7xx.o
      1712        122          0         68        240      19002   tasks.o
       184         20          0          0         64       1624   tim.o
       224         38          0          4       1088    1316057   uart_debug.o
       288         32          0          0        260       1777   usart.o
       188         24          0          0       1032       1705   usb_otg.o

    ----------------------------------------------------------------------
     30350       2280       1332        168      19480    1577320   Object Totals
         0          0         32          0          0          0   (incl. Generated)
        36          0          3          2          0          0   (incl. Padding)

    ----------------------------------------------------------------------

      Code (inc. data)   RO Data    RW Data    ZI Data      Debug   Library Member Name

        56          8          0          0          0         84   __0sscanf.o
        28          0          0          0          0         68   _chval.o
       812          4          0          0          0        112   _scanf.o
       332          0          0          0          0         96   _scanf_int.o
       224          0          0          0          0         96   _scanf_str.o
        64          0          0          0          0         84   _sgetc.o
        40          6         64          0          0         68   ctype_c.o
         0          0          0          0          0          0   entry.o
         0          0          0          0          0          0   entry10a.o
         0          0          0          0          0          0   entry11a.o
         8          4          0          0          0          0   entry2.o
         4          0          0          0          0          0   entry5.o
         0          0          0          0          0          0   entry7b.o
         0          0          0          0          0          0   entry8b.o
         8          4          0          0          0          0   entry9a.o
        30          0          0          0          0          0   handlers.o
        36          8          0          0          0         68   init.o
        10          0          0          0          0         68   isspace_c.o
         0          0          0          0          0          0   iusefp.o
        30          0          0          0          0         68   llshl.o
        36          0          0          0          0         68   llsshr.o
        32          0          0          0          0         68   llushr.o
        36          0          0          0          0         68   memcpya.o
        36          0          0          0          0        108   memseta.o
      2296         84          0          0          0        520   printfa.o
        40          8          0          0          0         84   scanf_char.o
       878         12          0          0          0        216   scanf_fp.o
        14          0          0          0          0         68   strlen.o
        44          0          0          0          0         80   uidiv.o
        98          0          0          0          0         92   uldiv.o
        48          0          0          0          0         68   cdrcmple.o
        56          0          0          0          0         88   d2f.o
       334          0          0          0          0        148   dadd.o
       222          0          0          0          0        100   ddiv.o
       186          0          0          0          0        176   depilogue.o
        48          0          0          0          0         68   dfixul.o
        24          0          0          0          0         76   dfltul.o
       228          0          0          0          0         96   dmul.o
       110          0          0          0          0        168   fepilogue.o

    ----------------------------------------------------------------------
      6454        138         64          0          0       3172   Library Totals
         6          0          0          0          0          0   (incl. Padding)

    ----------------------------------------------------------------------

      Code (inc. data)   RO Data    RW Data    ZI Data      Debug   Library Name

      5192        138         64          0          0       2184   mc_w.l
      1256          0          0          0          0        988   mf_w.l

    ----------------------------------------------------------------------
      6454        138         64          0          0       3172   Library Totals

    ----------------------------------------------------------------------

==============================================================================


      Code (inc. data)   RO Data    RW Data    ZI Data      Debug   

     36804       2418       1396        168      19480    1562032   Grand Totals
     36804       2418       1396        168      19480    1562032   ELF Image Totals
     36804       2418       1396        168          0          0   ROM Totals

==============================================================================

    Total RO  Size (Code + RO Data)                38200 (  37.30kB)
    Total RW  Size (RW Data + ZI Data)             19648 (  19.19kB)
    Total ROM Size (Code + RO Data + RW Data)      38368 (  37.47kB)

==============================================================================

